ESP-ROM:esp32s3-20210327
Build:Mar 27 2021
rst:0x1 (POWERON),boot:0x8 (SPI_FAST_FLASH_BOOT)
SPIWP:0xee
mode:DIO, clock div:1
load:0x3fce2810,len:0x15a0
load:0x403c8700,len:0x4
load:0x403c8704,len:0xd20
load:0x403cb700,len:0x2ee4
entry 0x403c8928
[0;32mI (27) boot: ESP-IDF v5.4-dirty 2nd stage bootloader[0m
[0;32mI (27) boot: compile time Mar 12 2025 20:36:23[0m
[0;32mI (27) boot: Multicore bootloader[0m
[0;32mI (27) boot: chip revision: v0.2[0m
[0;32mI (30) boot: efuse block revision: v1.3[0m
[0;32mI (34) boot.esp32s3: Boot SPI Speed : 80MHz[0m
[0;32mI (38) boot.esp32s3: SPI Mode       : DIO[0m
[0;32mI (41) boot.esp32s3: SPI Flash Size : 2MB[0m
[0;32mI (45) boot: Enabling RNG early entropy source...[0m
[0;32mI (50) boot: Partition Table:[0m
[0;32mI (52) boot: ## Label            Usage          Type ST Offset   Length[0m
[0;32mI (59) boot:  0 nvs              WiFi data        01 02 00009000 00006000[0m
[0;32mI (65) boot:  1 phy_init         RF data          01 01 0000f000 00001000[0m
[0;32mI (72) boot:  2 factory          factory app      00 00 00010000 00100000[0m
[0;32mI (78) boot: End of partition table[0m
[0;32mI (81) esp_image: segment 0: paddr=00010020 vaddr=3c020020 size=0bcc4h ( 48324) map[0m
[0;32mI (97) esp_image: segment 1: paddr=0001bcec vaddr=3fc93700 size=02ae0h ( 10976) load[0m
[0;32mI (100) esp_image: segment 2: paddr=0001e7d4 vaddr=40374000 size=01844h (  6212) load[0m
[0;32mI (105) esp_image: segment 3: paddr=00020020 vaddr=42000020 size=1baa4h (113316) map[0m
[0;32mI (131) esp_image: segment 4: paddr=0003bacc vaddr=40375844 size=0de18h ( 56856) load[0m
[0;32mI (144) esp_image: segment 5: paddr=000498ec vaddr=600fe100 size=0001ch (    28) load[0m
[0;32mI (150) boot: Loaded app from partition at offset 0x10000[0m
[0;32mI (150) boot: Disabling RNG early entropy source...[0m
[0;32mI (162) cpu_start: Multicore app[0m
[0;32mI (171) cpu_start: Pro cpu start user code[0m
[0;32mI (171) cpu_start: cpu freq: 160000000 Hz[0m
[0;32mI (171) app_init: Application information:[0m
[0;32mI (171) app_init: Project name:     mi_proyecto[0m
[0;32mI (175) app_init: App version:      1[0m
[0;32mI (179) app_init: Compile time:     Mar 13 2025 00:16:04[0m
[0;32mI (184) app_init: ELF file SHA256:  e2fe11891...[0m
[0;32mI (188) app_init: ESP-IDF:          v5.4-dirty[0m
[0;32mI (192) efuse_init: Min chip rev:     v0.0[0m
[0;32mI (196) efuse_init: Max chip rev:     v0.99 [0m
[0;32mI (200) efuse_init: Chip rev:         v0.2[0m
[0;32mI (204) heap_init: Initializing. RAM available for dynamic allocation:[0m
[0;32mI (210) heap_init: At 3FC96AE0 len 00052C30 (331 KiB): RAM[0m
[0;32mI (215) heap_init: At 3FCE9710 len 00005724 (21 KiB): RAM[0m
[0;32mI (220) heap_init: At 3FCF0000 len 00008000 (32 KiB): DRAM[0m
[0;32mI (226) heap_init: At 600FE11C len 00001ECC (7 KiB): RTCRAM[0m
[0;32mI (232) spi_flash: detected chip: generic[0m
[0;32mI (235) spi_flash: flash io: dio[0m
[0;33mW (238) spi_flash: Detected size(16384k) larger than the size in the binary image header(2048k). Using the size in the binary image header.[0m
[0;32mI (250) sleep_gpio: Configure to isolate all GPIO pins in sleep state[0m
[0;32mI (256) sleep_gpio: Enable automatic switching of GPIO sleep configuration[0m
[0;32mI (263) main_task: Started on CPU0[0m
[0;32mI (283) main_task: Calling app_main()[0m
[1;31mE (283) adc_continuous: adc_continuous_config(468): ADC sampling frequency out of range[0m

abort() was called at PC 0x4200e6f6 on core 0


Backtrace: 0x40375b79:0x3fc99210 0x4037ad5d:0x3fc99230 0x4038159d:0x3fc99250 0x4200e6f6:0x3fc992c0 0x4200e8f3:0x3fc992e0 0x4200ce00:0x3fc99310 0x42009aeb:0x3fc99350 0x42009b9b:0x3fc993a0 0x4201af17:0x3fc993c0 0x4037b625:0x3fc993f0




ELF file SHA256: e2fe11891

Rebooting...
ï¿½ï¿½ï¿½ESP-ROM:esp32s3-20210327
Build:Mar 27 2021
rst:0xc (RTC_SW_CPU_RST),boot:0x8 (SPI_FAST_FLASH_BOOT)
Saved PC:0x40375ab8
SPIWP:0xee
mode:DIO, clock div:1
load:0x3fce2810,len:0x15a0
load:0x403c8700,len:0x4
load:0x403c8704,len:0xd20
load:0x403cb700,len:0x2ee4
entry 0x403c8928
[0;32mI (31) boot: ESP-IDF v5.4-dirty 2nd stage bootloader[0m
[0;32mI (31) boot: compile time Mar 12 2025 20:36:23[0m
[0;32mI (31) boot: Multicore bootloader[0m
[0;32mI (32) boot: chip revision: v0.2[0m
[0;32mI (35) boot: efuse block revision: v1.3[0m
[0;32mI (38) boot.esp32s3: Boot SPI Speed : 80MHz[0m
[0;32mI (42) boot.esp32s3: SPI Mode       : DIO[0m
[0;32mI (46) boot.esp32s3: SPI Flash Size : 2MB[0m
[0;32mI (50) boot: Enabling RNG early entropy source...[0m
[0;32mI (54) boot: Partition Table:[0m
[0;32mI (57) boot: ## Label            Usage          Type ST Offset   Length[0m
[0;32mI (63) boot:  0 nvs              WiFi data        01 02 00009000 00006000[0m
[0;32mI (69) boot:  1 phy_init         RF data          01 01 0000f000 00001000[0m
[0;32mI (76) boot:  2 factory          factory app      00 00 00010000 00100000[0m
[0;32mI (83) boot: End of partition table[0m
[0;32mI (86) esp_image: segment 0: paddr=00010020 vaddr=3c020020 size=0bcc4h ( 48324) map[0m
[0;32mI (102) esp_image: segment 1: paddr=0001bcec vaddr=3fc93700 size=02ae0h ( 10976) load[0m
[0;32mI (104) esp_image: segment 2: paddr=0001e7d4 vaddr=40374000 size=01844h (  6212) load[0m
[0;32mI (110) esp_image: segment 3: paddr=00020020 vaddr=42000020 size=1baa4h (113316) map[0m
[0;32mI (136) esp_image: segment 4: paddr=0003bacc vaddr=40375844 size=0de18h ( 56856) load[0m
[0;32mI (148) esp_image: segment 5: paddr=000498ec vaddr=600fe100 size=0001ch (    28) load[0m
[0;32mI (155) boot: Loaded app from partition at offset 0x10000[0m
[0;32mI (155) boot: Disabling RNG early entropy source...[0m
[0;32mI (166) cpu_start: Multicore app[0m
[0;32mI (175) cpu_start: Pro cpu start user code[0m
[0;32mI (175) cpu_start: cpu freq: 160000000 Hz[0m
[0;32mI (176) app_init: Application information:[0m
[0;32mI (176) app_init: Project name:     mi_proyecto[0m
[0;32mI (180) app_init: App version:      1[0m
[0;32mI (183) app_init: Compile time:     Mar 13 2025 00:16:04[0m
[0;32mI (188) app_init: ELF file SHA256:  e2fe11891...[0m
[0;32mI (193) app_init: ESP-IDF:          v5.4-dirty[0m
[0;32mI (197) efuse_init: Min chip rev:     v0.0[0m
[0;32mI (201) efuse_init: Max chip rev:     v0.99 [0m
[0;32mI (205) efuse_init: Chip rev:         v0.2[0m
[0;32mI (208) heap_init: Initializing. RAM available for dynamic allocation:[0m
[0;32mI (215) heap_init: At 3FC96AE0 len 00052C30 (331 KiB): RAM[0m
[0;32mI (220) heap_init: At 3FCE9710 len 00005724 (21 KiB): RAM[0m
[0;32mI (225) heap_init: At 3FCF0000 len 00008000 (32 KiB): DRAM[0m
[0;32mI (230) heap_init: At 600FE11C len 00001ECC (7 KiB): RTCRAM[0m
[0;32mI (237) spi_flash: detected chip: generic[0m
[0;32mI (239) spi_flash: flash io: dio[0m
[0;33mW (242) spi_flash: Detected size(16384k) larger than the size in the binary image header(2048k). Using the size in the binary image header.[0m
[0;32mI (255) sleep_gpio: Configure to isolate all GPIO pins in sleep state[0m
[0;32mI (261) sleep_gpio: Enable automatic switching of GPIO sleep configuration[0m
[0;32mI (268) main_task: Started on CPU0[0m
[0;32mI (288) main_task: Calling app_main()[0m
[1;31mE (288) adc_continuous: adc_continuous_config(468): ADC sampling frequency out of range[0m

abort() was called at PC 0x4200e6f6 on core 0


Backtrace: 0x40375b79:0x3fc99210 0x4037ad5d:0x3fc99230 0x4038159d:0x3fc99250 0x4200e6f6:0x3fc992c0 0x4200e8f3:0x3fc992e0 0x4200ce00:0x3fc99310 0x42009aeb:0x3fc99350 0x42009b9b:0x3fc993a0 0x4201af17:0x3fc993c0 0x4037b625:0x3fc993f0




ELF file SHA256: e2fe11891

Rebooting...
ESP-ROM:esp32s3-20210327
Build:Mar 27 2021
rst:0xc (RTC_SW_CPU_RST),boot:0x8 (SPI_FAST_FLASH_BOOT)
Saved PC:0x40375ab8
SPIWP:0xee
mode:DIO, clock div:1
load:0x3fce2810,len:0x15a0
load:0x403c8700,len:0x4
load:0x403c8704,len:0xd20
load:0x403cb700,len:0x2ee4
entry 0x403c8928
[0;32mI (31) boot: ESP-IDF v5.4-dirty 2nd stage bootloader[0m
[0;32mI (31) boot: compile time Mar 12 2025 20:36:23[0m
[0;32mI (31) boot: Multicore bootloader[0m
[0;32mI (32) boot: chip revision: v0.2[0m
[0;32mI (35) boot: efuse block revision: v1.3[0m
[0;32mI (38) boot.esp32s3: Boot SPI Speed : 80MHz[0m
[0;32mI (42) boot.esp32s3: SPI Mode       : DIO[0m
[0;32mI (46) boot.esp32s3: SPI Flash Size : 2MB[0m
[0;32mI (50) boot: Enabling RNG early entropy source...[0m
[0;32mI (54) boot: Partition Table:[0m
[0;32mI (57) boot: ## Label            Usage          Type ST Offset   Length[0m
[0;32mI (63) boot:  0 nvs              WiFi data        01 02 00009000 00006000[0m
[0;32mI (69) boot:  1 phy_init         RF data          01 01 0000f000 00001000[0m
[0;32mI (76) boot:  2 factory          factory app      00 00 00010000 00100000[0m
[0;32mI (83) boot: End of partition table[0m
[0;32mI (86) esp_image: segment 0: paddr=00010020 vaddr=3c020020 size=0bcc4h ( 48324) map[0m
[0;32mI (102) esp_image: segment 1: paddr=0001bcec vaddr=3fc93700 size=02ae0h ( 10976) load[0m
[0;32mI (104) esp_image: segment 2: paddr=0001e7d4 vaddr=40374000 size=01844h (  6212) load[0m
[0;32mI (110) esp_image: segment 3: paddr=00020020 vaddr=42000020 size=1baa4h (113316) map[0m
[0;32mI (136) esp_image: segment 4: paddr=0003bacc vaddr=40375844 size=0de18h ( 56856) load[0m
[0;32mI (148) esp_image: segment 5: paddr=000498ec vaddr=600fe100 size=0001ch (    28) load[0m
[0;32mI (155) boot: Loaded app from partition at offset 0x10000[0m
[0;32mI (155) boot: Disabling RNG early entropy source...[0m
[0;32mI (166) cpu_start: Multicore app[0m
[0;32mI (175) cpu_start: Pro cpu start user code[0m
[0;32mI (175) cpu_start: cpu freq: 160000000 Hz[0m
[0;32mI (176) app_init: Application information:[0m
[0;32mI (176) app_init: Project name:     mi_proyecto[0m
[0;32mI (180) app_init: App version:      1[0m
[0;32mI (183) app_init: Compile time:     Mar 13 2025 00:16:04[0m
[0;32mI (188) app_init: ELF file SHA256:  e2fe11891...[0m
[0;32mI (193) app_init: ESP-IDF:          v5.4-dirty[0m
[0;32mI (197) efuse_init: Min chip rev:     v0.0[0m
[0;32mI (201) efuse_init: Max chip rev:     v0.99 [0m
[0;32mI (205) efuse_init: Chip rev:         v0.2[0m
[0;32mI (208) heap_init: Initializing. RAM available for dynamic allocation:[0m
[0;32mI (215) heap_init: At 3FC96AE0 len 00052C30 (331 KiB): RAM[0m
[0;32mI (220) heap_init: At 3FCE9710 len 00005724 (21 KiB): RAM[0m
[0;32mI (225) heap_init: At 3FCF0000 len 00008000 (32 KiB): DRAM[0m
[0;32mI (230) heap_init: At 600FE11C len 00001ECC (7 KiB): RTCRAM[0m
[0;32mI (237) spi_flash: detected chip: generic[0m
[0;32mI (239) spi_flash: flash io: dio[0m
[0;33mW (242) spi_flash: Detected size(16384k) larger than the size in the binary image header(2048k). Using the size in the binary image header.[0m
[0;32mI (255) sleep_gpio: Configure to isolate all GPIO pins in sleep state[0m
[0;32mI (261) sleep_gpio: Enable automatic switching of GPIO sleep configuration[0m
[0;32mI (268) main_task: Started on CPU0[0m
[0;32mI (288) main_task: Calling app_main()[0m
[1;31mE (288) adc_continuous: adc_continuous_config(468): ADC sampling frequency out of range[0m

abort() was called at PC 0x4200e6f6 on core 0


Backtrace: 0x40375b79:0x3fc99210 0x4037ad5d:0x3fc99230 0x4038159d:0x3fc99250 0x4200e6f6:0x3fc992c0 0x4200e8f3:0x3fc992e0 0x4200ce00:0x3fc99310 0x42009aeb:0x3fc99350 0x42009b9b:0x3fc993a0 0x4201af17:0x3fc993c0 0x4037b625:0x3fc993f0




ELF file SHA256: e2fe11891

Rebooting...
ESP-ROM:esp32s3-20210327
Build:Mar 27 2021
rst:0xc (RTC_SW_CPU_RST),boot:0x8 (SPI_FAST_FLASH_BOOT)
Saved PC:0x40375ab8
SPIWP:0xee
mode:DIO, clock div:1
load:0x3fce2810,len:0x15a0
load:0x403c8700,len:0x4
load:0x403c8704,len:0xd20
load:0x403cb700,len:0x2ee4
entry 0x403c8928
[0;32mI (31) boot: ESP-IDF v5.4-dirty 2nd stage bootloader[0m
[0;32mI (31) boot: compile time Mar 12 2025 20:36:23[0m
[0;32mI (31) boot: Multicore bootloader[0m
[0;32mI (32) boot: chip revision: v0.2[0m
[0;32mI (35) boot: efuse block revision: v1.3[0m
[0;32mI (38) boot.esp32s3: Boot SPI Speed : 80MHz[0m
[0;32mI (42) boot.esp32s3: SPI Mode       : DIO[0m
[0;32mI (46) boot.esp32s3: SPI Flash Size : 2MB[0m
[0;32mI (50) boot: Enabling RNG early entropy source...[0m
[0;32mI (54) boot: Partition Table:[0m
[0;32mI (57) boot: ## Label            Usage          Type ST Offset   Length[0m
[0;32mI (63) boot:  0 nvs              WiFi data        01 02 00009000 00006000[0m
[0;32mI (69) boot:  1 phy_init         RF data          01 01 0000f000 00001000[0m
[0;32mI (76) boot:  2 factory          factory app      00 00 00010000 00100000[0m
[0;32mI (83) boot: End of partition table[0m
[0;32mI (86) esp_image: segment 0: paddr=00010020 vaddr=3c020020 size=0bcc4h ( 48324) map[0m
[0;32mI (102) esp_image: segment 1: paddr=0001bcec vaddr=3fc93700 size=02ae0h ( 10976) load[0m
[0;32mI (104) esp_image: segment 2: paddr=0001e7d4 vaddr=40374000 size=01844h (  6212) load[0m
[0;32mI (110) esp_image: segment 3: paddr=00020020 vaddr=42000020 size=1baa4h (113316) map[0m
[0;32mI (136) esp_image: segment 4: paddr=0003bacc vaddr=40375844 size=0de18h ( 56856) load[0m
[0;32mI (148) esp_image: segment 5: paddr=000498ec vaddr=600fe100 size=0001ch (    28) load[0m
[0;32mI (155) boot: Loaded app from partition at offset 0x10000[0m
[0;32mI (155) boot: Disabling RNG early entropy source...[0m
[0;32mI (166) cpu_start: Multicore app[0m
[0;32mI (175) cpu_start: Pro cpu start user code[0m
[0;32mI (175) cpu_start: cpu freq: 160000000 Hz[0m
[0;32mI (176) app_init: Application information:[0m
[0;32mI (176) app_init: Project name:     mi_proyecto[0m
[0;32mI (180) app_init: App version:      1[0m
[0;32mI (183) app_init: Compile time:     Mar 13 2025 00:16:04[0m
[0;32mI (188) app_init: ELF file SHA256:  e2fe11891...[0m
[0;32mI (193) app_init: ESP-IDF:          v5.4-dirty[0m
[0;32mI (197) efuse_init: Min chip rev:     v0.0[0m
[0;32mI (201) efuse_init: Max chip rev:     v0.99 [0m
[0;32mI (205) efuse_init: Chip rev:         v0.2[0m
[0;32mI (208) heap_init: Initializing. RAM available for dynamic allocation:[0m
[0;32mI (215) heap_init: At 3FC96AE0 len 00052C30 (331 KiB): RAM[0m
[0;32mI (220) heap_init: At 3FCE9710 len 00005724 (21 KiB): RAM[0m
[0;32mI (225) heap_init: At 3FCF0000 len 00008000 (32 KiB): DRAM[0m
[0;32mI (230) heap_init: At 600FE11C len 00001ECC (7 KiB): RTCRAM[0m
[0;32mI (237) spi_flash: detected chip: generic[0m
[0;32mI (239) spi_flash: flash io: dio[0m
[0;33mW (242) spi_flash: Detected size(16384k) larger than the size in the binary image header(2048k). Using the size in the binary image header.[0m
[0;32mI (255) sleep_gpio: Configure to isolate all GPIO pins in sleep state[0m
[0;32mI (261) sleep_gpio: Enable automatic switching of GPIO sleep configuration[0m
[0;32mI (268) main_task: Started on CPU0[0m
[0;32mI (288) main_task: Calling app_main()[0m
[1;31mE (288) adc_continuous: adc_continuous_config(468): ADC sampling frequency out of range[0m

abort() was called at PC 0x4200e6f6 on core 0
Backtrace: 0x40375b79:0x3fc99210 0x4037ad5d:0x3fc99230 0x4038159d:0x3fc99250 0x4200e6f6:0x3fc992c0 0x4200e8f3:0x3fc992e0 0x4200ce00:0x3fc99310 0x42009aeb:0x3fc99350 0x42009b9b:0x3fc993a0 0x4201af17:0x3fc993c0 0x4037b625:0x3fc993f0

Rebooting...
ESP-ROM:esp32s3-20210327
Build:Mar 27 2021
rst:0xc (RTC_SW_CPU_RST),boot:0x8 (SPI_FAST_FLASH_BOOT)
Saved PC:0x40375ab8
SPIWP:0xee
mode:DIO, clock div:1
load:0x3fce2810,len:0x15a0
load:0x403c8700,len:0x4
load:0x403c8704,len:0xd20
load:0x403cb700,len:0x2ee4
entry 0x403c8928
[0;32mI (31) boot: ESP-IDF v5.4-dirty 2nd stage bootloader[0m
[0;32mI (31) boot: compile time Mar 12 2025 20:36:23[0m
[0;32mI (31) boot: Multicore bootloader[0m
[0;32mI (32) boot: chip revision: v0.2[0m
[0;32mI (35) boot: efuse block revision: v1.3[0m
[0;32mI (38) boot.esp32s3: Boot SPI Speed : 80MHz[0m
[0;32mI (42) boot.esp32s3: SPI Mode       : DIO[0m
[0;32mI (46) boot.esp32s3: SPI Flash Size : 2MB[0m
[0;32mI (50) boot: Enabling RNG early entropy source...[0m
[0;32mI (54) boot: Partition Table:[0m
[0;32mI (57) boot: ## Label            Usage          Type ST Offset   Length[0m
[0;32mI (63) boot:  0 nvs              WiFi data        01 02 00009000 00006000[0m
[0;32mI (69) boot:  1 phy_init         RF data          01 01 0000f000 00001000[0m
[0;32mI (76) boot:  2 factory          factory app      00 00 00010000 00100000[0m
[0;32mI (83) boot: End of partition table[0m
[0;32mI (86) esp_image: segment 0: paddr=00010020 vaddr=3c020020 size=0bcc4h ( 48324) map[0m
[0;32mI (102) esp_image: segment 1: paddr=0001bcec vaddr=3fc93700 size=02ae0h ( 10976) load[0m
[0;32mI (104) esp_image: segment 2: paddr=0001e7d4 vaddr=40374000 size=01844h (  6212) load[0m
[0;32mI (110) esp_image: segment 3: paddr=00020020 vaddr=42000020 size=1baa4h (113316) map[0m
[0;32mI (136) esp_image: segment 4: paddr=0003bacc vaddr=40375844 size=0de18h ( 56856) load[0m
[0;32mI (148) esp_image: segment 5: paddr=000498ec vaddr=600fe100 size=0001ch (    28) load[0m
[0;32mI (155) boot: Loaded app from partition at offset 0x10000[0m
[0;32mI (155) boot: Disabling RNG early entropy source...[0m
[0;32mI (166) cpu_start: Multicore app[0m
[0;32mI (175) cpu_start: Pro cpu start user code[0m
[0;32mI (175) cpu_start: cpu freq: 160000000 Hz[0m
[0;32mI (176) app_init: Application information:[0m
[0;32mI (176) app_init: Project name:     mi_proyecto[0m
[0;32mI (180) app_init: App version:      1[0m
[0;32mI (183) app_init: Compile time:     Mar 13 2025 00:16:04[0m
[0;32mI (188) app_init: ELF file SHA256:  e2fe11891...[0m
[0;32mI (193) app_init: ESP-IDF:          v5.4-dirty[0m
[0;32mI (197) efuse_init: Min chip rev:     v0.0[0m
[0;32mI (201) efuse_init: Max chip rev:     v0.99 [0m
[0;32mI (205) efuse_init: Chip rev:         v0.2[0m
[0;32mI (208) heap_init: Initializing. RAM available for dynamic allocation:[0m
[0;32mI (215) heap_init: At 3FC96AE0 len 00052C30 (331 KiB): RAM[0m
[0;32mI (220) heap_init: At 3FCE9710 len 00005724 (21 KiB): RAM[0m
[0;32mI (225) heap_init: At 3FCF0000 len 00008000 (32 KiB): DRAM[0m
[0;32mI (230) heap_init: At 600FE11C len 00001ECC (7 KiB): RTCRAM[0m
[0;32mI (237) spi_flash: detected chip: generic[0m
[0;32mI (239) spi_flash: flash io: dio[0m
[0;33mW (242) spi_flash: Detected size(16384k) larger than the size in the binary image header(2048k). Using the size in the binary image header.[0m
[0;32mI (255) sleep_gpio: Configure to isolate all GPIO pins in sleep state[0m
[0;32mI (261) sleep_gpio: Enable automatic switching of GPIO sleep configuration[0m
[0;32mI (268) main_task: Started on CPU0[0m
[0;32mI (288) main_task: Calling app_main()[0m
[1;31mE (288) adc_continuous: adc_continuous_config(468): ADC sampling frequency out of range[0m

abort() was called at PC 0x4200e6f6 on core 0
Backtrace: 0x40375b79:0x3fc99210 0x4037ad5d:0x3fc99230 0x4038159d:0x3fc99250 0x4200e6f6:0x3fc992c0 0x4200e8f3:0x3fc992e0 0x4200ce00:0x3fc99310 0x42009aeb:0x3fc99350 0x42009b9b:0x3fc993a0 0x4201af17:0x3fc993c0 0x4037b625:0x3fc993f0

Rebooting...
ESP-ROM:esp32s3-20210327
Build:Mar 27 2021
rst:0xc (RTC_SW_CPU_RST),boot:0x8 (SPI_FAST_FLASH_BOOT)
Saved PC:0x40375ab8
SPIWP:0xee
mode:DIO, clock div:1
load:0x3fce2810,len:0x15a0
load:0x403c8700,len:0x4
load:0x403c8704,len:0xd20
load:0x403cb700,len:0x2ee4
entry 0x403c8928
[0;32mI (31) boot: ESP-IDF v5.4-dirty 2nd stage bootloader[0m
[0;32mI (31) boot: compile time Mar 12 2025 20:36:23[0m
[0;32mI (31) boot: Multicore bootloader[0m
[0;32mI (32) boot: chip revision: v0.2[0m
[0;32mI (35) boot: efuse block revision: v1.3[0m
[0;32mI (38) boot.esp32s3: Boot SPI Speed : 80MHz[0m
[0;32mI (42) boot.esp32s3: SPI Mode       : DIO[0m
[0;32mI (46) boot.esp32s3: SPI Flash Size : 2MB[0m
[0;32mI (50) boot: Enabling RNG early entropy source...[0m
[0;32mI (54) boot: Partition Table:[0m
[0;32mI (57) boot: ## Label            Usage          Type ST Offset   Length[0m
[0;32mI (63) boot:  0 nvs              WiFi data        01 02 00009000 00006000[0m
[0;32mI (69) boot:  1 phy_init         RF data          01 01 0000f000 00001000[0m
[0;32mI (76) boot:  2 factory          factory app      00 00 00010000 00100000[0m
[0;32mI (83) boot: End of partition table[0m
[0;32mI (86) esp_image: segment 0: paddr=00010020 vaddr=3c020020 size=0bcc4h ( 48324) map[0m
[0;32mI (102) esp_image: segment 1: paddr=0001bcec vaddr=3fc93700 size=02ae0h ( 10976) load[0m
[0;32mI (104) esp_image: segment 2: paddr=0001e7d4 vaddr=40374000 size=01844h (  6212) load[0m
[0;32mI (110) esp_image: segment 3: paddr=00020020 vaddr=42000020 size=1baa4h (113316) map[0m
[0;32mI (136) esp_image: segment 4: paddr=0003bacc vaddr=40375844 size=0de18h ( 56856) load[0m
[0;32mI (148) esp_image: segment 5: paddr=000498ec vaddr=600fe100 size=0001ch (    28) load[0m
[0;32mI (155) boot: Loaded app from partition at offset 0x10000[0m
[0;32mI (155) boot: Disabling RNG early entropy source...[0m
[0;32mI (166) cpu_start: Multicore app[0m
[0;32mI (175) cpu_start: Pro cpu start user code[0m
[0;32mI (175) cpu_start: cpu freq: 160000000 Hz[0m
[0;32mI (176) app_init: Application information:[0m
[0;32mI (176) app_init: Project name:     mi_proyecto[0m
[0;32mI (180) app_init: App version:      1[0m
[0;32mI (183) app_init: Compile time:     Mar 13 2025 00:16:04[0m
[0;32mI (188) app_init: ELF file SHA256:  e2fe11891...[0m
[0;32mI (193) app_init: ESP-IDF:          v5.4-dirty[0m
[0;32mI (197) efuse_init: Min chip rev:     v0.0[0m
[0;32mI (201) efuse_init: Max chip rev:     v0.99 [0m
[0;32mI (205) efuse_init: Chip rev:         v0.2[0m
[0;32mI (208) heap_init: Initializing. RAM available for dynamic allocation:[0m
[0;32mI (215) heap_init: At 3FC96AE0 len 00052C30 (331 KiB): RAM[0m
[0;32mI (220) heap_init: At 3FCE9710 len 00005724 (21 KiB): RAM[0m
[0;32mI (225) heap_init: At 3FCF0000 len 00008000 (32 KiB): DRAM[0m
[0;32mI (230) heap_init: At 600FE11C len 00001ECC (7 KiB): RTCRAM[0m
[0;32mI (237) spi_flash: detected chip: generic[0m
[0;32mI (239) spi_flash: flash io: dio[0m
[0;33mW (242) spi_flash: Detected size(16384k) larger than the size in the binary image header(2048k). Using the size in the binary image header.[0m
[0;32mI (255) sleep_gpio: Configure to isolate all GPIO pins in sleep state[0m
[0;32mI (261) sleep_gpio: Enable automatic switching of GPIO sleep configuration[0m
[0;32mI (268) main_task: Started on CPU0[0m
[0;32mI (288) main_task: Calling app_main()[0m
[1;31mE (288) adc_continuous: adc_continuous_config(468): ADC sampling frequency out of range[0m

abort() was called at PC 0x4200e6f6 on core 0
Backtrace: 0x40375b79:0x3fc99210 0x4037ad5d:0x3fc99230 0x4038159d:0x3fc99250 0x4200e6f6:0x3fc992c0 0x4200e8f3:0x3fc992e0 0x4200ce00:0x3fc99310 0x42009aeb:0x3fc99350 0x42009b9b:0x3fc993a0 0x4201af17:0x3fc993c0 0x4037b625:0x3fc993f0

Rebooting...
ESP-ROM:esp32s3-20210327
Build:Mar 27 2021
rst:0xc (RTC_SW_CPU_RST),boot:0x8 (SPI_FAST_FLASH_BOOT)
Saved PC:0x40375ab8
SPIWP:0xee
mode:DIO, clock div:1
load:0x3fce2810,len:0x15a0
load:0x403c8700,len:0x4
load:0x403c8704,len:0xd20
load:0x403cb700,len:0x2ee4
entry 0x403c8928
[0;32mI (31) boot: ESP-IDF v5.4-dirty 2nd stage bootloader[0m
[0;32mI (31) boot: compile time Mar 12 2025 20:36:23[0m
[0;32mI (31) boot: Multicore bootloader[0m
[0;32mI (32) boot: chip revision: v0.2[0m
[0;32mI (35) boot: efuse block revision: v1.3[0m
[0;32mI (38) boot.esp32s3: Boot SPI Speed : 80MHz[0m
[0;32mI (42) boot.esp32s3: SPI Mode       : DIO[0m
[0;32mI (46) boot.esp32s3: SPI Flash Size : 2MB[0m
[0;32mI (50) boot: Enabling RNG early entropy source...[0m
[0;32mI (54) boot: Partition Table:[0m
[0;32mI (57) boot: ## Label            Usage          Type ST Offset   Length[0m
[0;32mI (63) boot:  0 nvs              WiFi data        01 02 00009000 00006000[0m
[0;32mI (69) boot:  1 phy_init         RF data          01 01 0000f000 00001000[0m
[0;32mI (76) boot:  2 factory          factory app      00 00 00010000 00100000[0m
[0;32mI (83) boot: End of partition table[0m
[0;32mI (86) esp_image: segment 0: paddr=00010020 vaddr=3c020020 size=0bcc4h ( 48324) map[0m
[0;32mI (102) esp_image: segment 1: paddr=0001bcec vaddr=3fc93700 size=02ae0h ( 10976) load[0m
[0;32mI (104) esp_image: segment 2: paddr=0001e7d4 vaddr=40374000 size=01844h (  6212) load[0m
[0;32mI (110) esp_image: segment 3: paddr=00020020 vaddr=42000020 size=1baa4h (113316) map[0m
[0;32mI (136) esp_image: segment 4: paddr=0003bacc vaddr=40375844 size=0de18h ( 56856) load[0m
[0;32mI (148) esp_image: segment 5: paddr=000498ec vaddr=600fe100 size=0001ch (    28) load[0m
[0;32mI (155) boot: Loaded app from partition at offset 0x10000[0m
[0;32mI (155) boot: Disabling RNG early entropy source...[0m
[0;32mI (166) cpu_start: Multicore app[0m
[0;32mI (175) cpu_start: Pro cpu start user code[0m
[0;32mI (175) cpu_start: cpu freq: 160000000 Hz[0m
[0;32mI (176) app_init: Application information:[0m
[0;32mI (176) app_init: Project name:     mi_proyecto[0m
[0;32mI (180) app_init: App version:      1[0m
[0;32mI (183) app_init: Compile time:     Mar 13 2025 00:16:04[0m
[0;32mI (188) app_init: ELF file SHA256:  e2fe11891...[0m
[0;32mI (193) app_init: ESP-IDF:          v5.4-dirty[0m
[0;32mI (197) efuse_init: Min chip rev:     v0.0[0m
[0;32mI (201) efuse_init: Max chip rev:     v0.99 [0m
[0;32mI (205) efuse_init: Chip rev:         v0.2[0m
[0;32mI (208) heap_init: Initializing. RAM available for dynamic allocation:[0m
[0;32mI (215) heap_init: At 3FC96AE0 len 00052C30 (331 KiB): RAM[0m
[0;32mI (220) heap_init: At 3FCE9710 len 00005724 (21 KiB): RAM[0m
[0;32mI (225) heap_init: At 3FCF0000 len 00008000 (32 KiB): DRAM[0m
[0;32mI (230) heap_init: At 600FE11C len 00001ECC (7 KiB): RTCRAM[0m
[0;32mI (237) spi_flash: detected chip: generic[0m
[0;32mI (239) spi_flash: flash io: dio[0m
[0;33mW (242) spi_flash: Detected size(16384k) larger than the size in the binary image header(2048k). Using the size in the binary image header.[0m
[0;32mI (255) sleep_gpio: Configure to isolate all GPIO pins in sleep state[0m
[0;32mI (261) sleep_gpio: Enable automatic switching of GPIO sleep configuration[0m
[0;32mI (268) main_task: Started on CPU0[0m
[0;32mI (288) main_task: Calling app_main()[0m
[1;31mE (288) adc_continuous: adc_continuous_config(468): ADC sampling frequency out of range[0m

abort() was called at PC 0x4200e6f6 on core 0


Backtrace: 0x40375b79:0x3fc99210 0x4037ad5d:0x3fc99230 0x4038159d:0x3fc99250 0x4200e6f6:0x3fc992c0 0x4200e8f3:0x3fc992e0 0x4200ce00:0x3fc99310 0x42009aeb:0x3fc99350 0x42009b9b:0x3fc993a0 0x4201af17:0x3fc993c0 0x4037b625:0x3fc993f0




ELF file SHA256: e2fe11891

Rebooting...
ESP-ROM:esp32s3-20210327
Build:Mar 27 2021
rst:0xc (RTC_SW_CPU_RST),boot:0x8 (SPI_FAST_FLASH_BOOT)
Saved PC:0x40375ab8
SPIWP:0xee
mode:DIO, clock div:1
load:0x3fce2810,len:0x15a0
load:0x403c8700,len:0x4
load:0x403c8704,len:0xd20
load:0x403cb700,len:0x2ee4
entry 0x403c8928
[0;32mI (31) boot: ESP-IDF v5.4-dirty 2nd stage bootloader[0m
[0;32mI (31) boot: compile time Mar 12 2025 20:36:23[0m
[0;32mI (31) boot: Multicore bootloader[0m
[0;32mI (32) boot: chip revision: v0.2[0m
[0;32mI (35) boot: efuse block revision: v1.3[0m
[0;32mI (38) boot.esp32s3: Boot SPI Speed : 80MHz[0m
[0;32mI (42) boot.esp32s3: SPI Mode       : DIO[0m
[0;32mI (46) boot.esp32s3: SPI Flash Size : 2MB[0m
[0;32mI (50) boot: Enabling RNG early entropy source...[0m
[0;32mI (54) boot: Partition Table:[0m
[0;32mI (57) boot: ## Label            Usage          Type ST Offset   Length[0m
[0;32mI (63) boot:  0 nvs              WiFi data        01 02 00009000 00006000[0m
[0;32mI (69) boot:  1 phy_init         RF data          01 01 0000f000 00001000[0m
[0;32mI (76) boot:  2 factory          factory app      00 00 00010000 00100000[0m
[0;32mI (83) boot: End of partition table[0m
[0;32mI (86) esp_image: segment 0: paddr=00010020 vaddr=3c020020 size=0bcc4h ( 48324) map[0m
[0;32mI (102) esp_image: segment 1: paddr=0001bcec vaddr=3fc93700 size=02ae0h ( 10976) load[0m
[0;32mI (104) esp_image: segment 2: paddr=0001e7d4 vaddr=40374000 size=01844h (  6212) load[0m
[0;32mI (110) esp_image: segment 3: paddr=00020020 vaddr=42000020 size=1baa4h (113316) map[0m
[0;32mI (136) esp_image: segment 4: paddr=0003bacc vaddr=40375844 size=0de18h ( 56856) load[0m
[0;32mI (148) esp_image: segment 5: paddr=000498ec vaddr=600fe100 size=0001ch (    28) load[0m
[0;32mI (155) boot: Loaded app from partition at offset 0x10000[0m
[0;32mI (155) boot: Disabling RNG early entropy source...[0m
[0;32mI (166) cpu_start: Multicore app[0m
[0;32mI (175) cpu_start: Pro cpu start user code[0m
[0;32mI (175) cpu_start: cpu freq: 160000000 Hz[0m
[0;32mI (176) app_init: Application information:[0m
[0;32mI (176) app_init: Project name:     mi_proyecto[0m
[0;32mI (180) app_init: App version:      1[0m
[0;32mI (183) app_init: Compile time:     Mar 13 2025 00:16:04[0m
[0;32mI (188) app_init: ELF file SHA256:  e2fe11891...[0m
[0;32mI (193) app_init: ESP-IDF:          v5.4-dirty[0m
[0;32mI (197) efuse_init: Min chip rev:     v0.0[0m
[0;32mI (201) efuse_init: Max chip rev:     v0.99 [0m
[0;32mI (205) efuse_init: Chip rev:         v0.2[0m
[0;32mI (208) heap_init: Initializing. RAM available for dynamic allocation:[0m
[0;32mI (215) heap_init: At 3FC96AE0 len 00052C30 (331 KiB): RAM[0m
[0;32mI (220) heap_init: At 3FCE9710 len 00005724 (21 KiB): RAM[0m
[0;32mI (225) heap_init: At 3FCF0000 len 00008000 (32 KiB): DRAM[0m
[0;32mI (230) heap_init: At 600FE11C len 00001ECC (7 KiB): RTCRAM[0m
[0;32mI (237) spi_flash: detected chip: generic[0m
[0;32mI (239) spi_flash: flash io: dio[0m
[0;33mW (242) spi_flash: Detected size(16384k) larger than the size in the binary image header(2048k). Using the size in the binary image header.[0m
[0;32mI (255) sleep_gpio: Configure to isolate all GPIO pins in sleep state[0m
[0;32mI (261) sleep_gpio: Enable automatic switching of GPIO sleep configuration[0m
[0;32mI (268) main_task: Started on CPU0[0m
[0;32mI (288) main_task: Calling app_main()[0m
[1;31mE (288) adc_continuous: adc_continuous_config(468): ADC sampling frequency out of range[0m

abort() was called at PC 0x4200e6f6 on core 0


Backtrace: 0x40375b79:0x3fc99210 0x4037ad5d:0x3fc99230 0x4038159d:0x3fc99250 0x4200e6f6:0x3fc992c0 0x4200e8f3:0x3fc992e0 0x4200ce00:0x3fc99310 0x42009aeb:0x3fc99350 0x42009b9b:0x3fc993a0 0x4201af17:0x3fc993c0 0x4037b625:0x3fc993f0




ELF file SHA256: e2fe11891

Rebooting...
ESP-ROM:esp32s3-20210327
Build:Mar 27 2021
rst:0xc (RTC_SW_CPU_RST),boot:0x8 (SPI_FAST_FLASH_BOOT)
Saved PC:0x40375ab8
SPIWP:0xee
mode:DIO, clock div:1
load:0x3fce2810,len:0x15a0
load:0x403c8700,len:0x4
load:0x403c8704,len:0xd20
load:0x403cb700,len:0x2ee4
entry 0x403c8928
[0;32mI (31) boot: ESP-IDF v5.4-dirty 2nd stage bootloader[0m
[0;32mI (31) boot: compile time Mar 12 2025 20:36:23[0m
[0;32mI (31) boot: Multicore bootloader[0m
[0;32mI (32) boot: chip revision: v0.2[0m
[0;32mI (35) boot: efuse block revision: v1.3[0m
[0;32mI (38) boot.esp32s3: Boot SPI Speed : 80MHz[0m
[0;32mI (42) boot.esp32s3: SPI Mode       : DIO[0m
[0;32mI (46) boot.esp32s3: SPI Flash Size : 2MB[0m
[0;32mI (50) boot: Enabling RNG early entropy source...[0m
[0;32mI (54) boot: Partition Table:[0m
[0;32mI (57) boot: ## Label            Usage          Type ST Offset   Length[0m
[0;32mI (63) boot:  0 nvs              WiFi data        01 02 00009000 00006000[0m
[0;32mI (69) boot:  1 phy_init         RF data          01 01 0000f000 00001000[0m
[0;32mI (76) boot:  2 factory          factory app      00 00 00010000 00100000[0m
[0;32mI (83) boot: End of partition table[0m
[0;32mI (86) esp_image: segment 0: paddr=00010020 vaddr=3c020020 size=0bcc4h ( 48324) map[0m
[0;32mI (102) esp_image: segment 1: paddr=0001bcec vaddr=3fc93700 size=02ae0h ( 10976) load[0m
[0;32mI (104) esp_image: segment 2: paddr=0001e7d4 vaddr=40374000 size=01844h (  6212) load[0m
[0;32mI (110) esp_image: segment 3: paddr=00020020 vaddr=42000020 size=1baa4h (113316) map[0m
[0;32mI (136) esp_image: segment 4: paddr=0003bacc vaddr=40375844 size=0de18h ( 56856) load[0m
[0;32mI (148) esp_image: segment 5: paddr=000498ec vaddr=600fe100 size=0001ch (    28) load[0m
[0;32mI (155) boot: Loaded app from partition at offset 0x10000[0m
[0;32mI (155) boot: Disabling RNG early entropy source...[0m
[0;32mI (166) cpu_start: Multicore app[0m
[0;32mI (175) cpu_start: Pro cpu start user code[0m
[0;32mI (175) cpu_start: cpu freq: 160000000 Hz[0m
[0;32mI (176) app_init: Application information:[0m
[0;32mI (176) app_init: Project name:     mi_proyecto[0m
[0;32mI (180) app_init: App version:      1[0m
[0;32mI (183) app_init: Compile time:     Mar 13 2025 00:16:04[0m
[0;32mI (188) app_init: ELF file SHA256:  e2fe11891...[0m
[0;32mI (193) app_init: ESP-IDF:          v5.4-dirty[0m
[0;32mI (197) efuse_init: Min chip rev:     v0.0[0m
[0;32mI (201) efuse_init: Max chip rev:     v0.99 [0m
[0;32mI (205) efuse_init: Chip rev:         v0.2[0m
[0;32mI (208) heap_init: Initializing. RAM available for dynamic allocation:[0m
[0;32mI (215) heap_init: At 3FC96AE0 len 00052C30 (331 KiB): RAM[0m
[0;32mI (220) heap_init: At 3FCE9710 len 00005724 (21 KiB): RAM[0m
[0;32mI (225) heap_init: At 3FCF0000 len 00008000 (32 KiB): DRAM[0m
[0;32mI (230) heap_init: At 600FE11C len 00001ECC (7 KiB): RTCRAM[0m
[0;32mI (237) spi_flash: detected chip: generic[0m
[0;32mI (239) spi_flash: flash io: dio[0m
[0;33mW (242) spi_flash: Detected size(16384k) larger than the size in the binary image header(2048k). Using the size in the binary image header.[0m
[0;32mI (255) sleep_gpio: Configure to isolate all GPIO pins in sleep state[0m
[0;32mI (261) sleep_gpio: Enable automatic switching of GPIO sleep configuration[0m
[0;32mI (268) main_task: Started on CPU0[0m
[0;32mI (288) main_task: Calling app_main()[0m
[1;31mE (288) adc_continuous: adc_continuous_config(468): ADC sampling frequency out of range[0m

abort() was called at PC 0x4200e6f6 on core 0


Backtrace: 0x40375b79:0x3fc99210 0x4037ad5d:0x3fc99230 0x4038159d:0x3fc99250 0x4200e6f6:0x3fc992c0 0x4200e8f3:0x3fc992e0 0x4200ce00:0x3fc99310 0x42009aeb:0x3fc99350 0x42009b9b:0x3fc993a0 0x4201af17:0x3fc993c0 0x4037b625:0x3fc993f0




ELF file SHA256: e2fe11891

Rebooting...
ESP-ROM:esp32s3-20210327
Build:Mar 27 2021
rst:0xc (RTC_SW_CPU_RST),boot:0x8 (SPI_FAST_FLASH_BOOT)
Saved PC:0x40375ab8
SPIWP:0xee
mode:DIO, clock div:1
load:0x3fce2810,len:0x15a0
load:0x403c8700,len:0x4
load:0x403c8704,len:0xd20
load:0x403cb700,len:0x2ee4
entry 0x403c8928
[0;32mI (31) boot: ESP-IDF v5.4-dirty 2nd stage bootloader[0m
[0;32mI (31) boot: compile time Mar 12 2025 20:36:23[0m
[0;32mI (31) boot: Multicore bootloader[0m
[0;32mI (32) boot: chip revision: v0.2[0m
[0;32mI (35) boot: efuse block revision: v1.3[0m
[0;32mI (38) boot.esp32s3: Boot SPI Speed : 80MHz[0m
[0;32mI (42) boot.esp32s3: SPI Mode       : DIO[0m
[0;32mI (46) boot.esp32s3: SPI Flash Size : 2MB[0m
[0;32mI (50) boot: Enabling RNG early entropy source...[0m
[0;32mI (54) boot: Partition Table:[0m
[0;32mI (57) boot: ## Label            Usage          Type ST Offset   Length[0m
[0;32mI (63) boot:  0 nvs              WiFi data        01 02 00009000 00006000[0m
[0;32mI (69) boot:  1 phy_init         RF data          01 01 0000f000 00001000[0m
[0;32mI (76) boot:  2 factory          factory app      00 00 00010000 00100000[0m
[0;32mI (83) boot: End of partition table[0m
[0;32mI (86) esp_image: segment 0: paddr=00010020 vaddr=3c020020 size=0bcc4h ( 48324) map[0m
[0;32mI (102) esp_image: segment 1: paddr=0001bcec vaddr=3fc93700 size=02ae0h ( 10976) load[0m
[0;32mI (104) esp_image: segment 2: paddr=0001e7d4 vaddr=40374000 size=01844h (  6212) load[0m
[0;32mI (110) esp_image: segment 3: paddr=00020020 vaddr=42000020 size=1baa4h (113316) map[0m
[0;32mI (136) esp_image: segment 4: paddr=0003bacc vaddr=40375844 size=0de18h ( 56856) load[0m
[0;32mI (148) esp_image: segment 5: paddr=000498ec vaddr=600fe100 size=0001ch (    28) load[0m
[0;32mI (155) boot: Loaded app from partition at offset 0x10000[0m
[0;32mI (155) boot: Disabling RNG early entropy source...[0m
[0;32mI (166) cpu_start: Multicore app[0m
[0;32mI (175) cpu_start: Pro cpu start user code[0m
[0;32mI (175) cpu_start: cpu freq: 160000000 Hz[0m
[0;32mI (176) app_init: Application information:[0m
[0;32mI (176) app_init: Project name:     mi_proyecto[0m
[0;32mI (180) app_init: App version:      1[0m
[0;32mI (183) app_init: Compile time:     Mar 13 2025 00:16:04[0m
[0;32mI (188) app_init: ELF file SHA256:  e2fe11891...[0m
[0;32mI (193) app_init: ESP-IDF:          v5.4-dirty[0m
[0;32mI (197) efuse_init: Min chip rev:     v0.0[0m
[0;32mI (201) efuse_init: Max chip rev:     v0.99 [0m
[0;32mI (205) efuse_init: Chip rev:         v0.2[0m
[0;32mI (208) heap_init: Initializing. RAM available for dynamic allocation:[0m
[0;32mI (215) heap_init: At 3FC96AE0 len 00052C30 (331 KiB): RAM[0m
[0;32mI (220) heap_init: At 3FCE9710 len 00005724 (21 KiB): RAM[0m
[0;32mI (225) heap_init: At 3FCF0000 len 00008000 (32 KiB): DRAM[0m
[0;32mI (230) heap_init: At 600FE11C len 00001ECC (7 KiB): RTCRAM[0m
[0;32mI (237) spi_flash: detected chip: generic[0m
[0;32mI (239) spi_flash: flash io: dio[0m
[0;33mW (242) spi_flash: Detected size(16384k) larger than the size in the binary image header(2048k). Using the size in the binary image header.[0m
[0;32mI (255) sleep_gpio: Configure to isolate all GPIO pins in sleep state[0m
[0;32mI (261) sleep_gpio: Enable automatic switching of GPIO sleep configuration[0m
[0;32mI (268) main_task: Started on CPU0[0m
[0;32mI (288) main_task: Calling app_main()[0m
[1;31mE (288) adc_continuous: adc_continuous_config(468): ADC sampling frequency out of range[0m

abort() was called at PC 0x4200e6f6 on core 0


Backtrace: 0x40375b79:0x3fc99210 0x4037ad5d:0x3fc99230 0x4038159d:0x3fc99250 0x4200e6f6:0x3fc992c0 0x4200e8f3:0x3fc992e0 0x4200ce00:0x3fc99310 0x42009aeb:0x3fc99350 0x42009b9b:0x3fc993a0 0x4201af17:0x3fc993c0 0x4037b625:0x3fc993f0




ELF file SHA256: e2fe11891

Rebooting...
ESP-ROM:esp32s3-20210327
Build:Mar 27 2021
rst:0xc (RTC_SW_CPU_RST),boot:0x8 (SPI_FAST_FLASH_BOOT)
Saved PC:0x40375ab8
SPIWP:0xee
mode:DIO, clock div:1
load:0x3fce2810,len:0x15a0
load:0x403c8700,len:0x4
load:0x403c8704,len:0xd20
load:0x403cb700,len:0x2ee4
entry 0x403c8928
[0;32mI (31) boot: ESP-IDF v5.4-dirty 2nd stage bootloader[0m
[0;32mI (31) boot: compile time Mar 12 2025 20:36:23[0m
[0;32mI (31) boot: Multicore bootloader[0m
[0;32mI (32) boot: chip revision: v0.2[0m
[0;32mI (35) boot: efuse block revision: v1.3[0m
[0;32mI (38) boot.esp32s3: Boot SPI Speed : 80MHz[0m
[0;32mI (42) boot.esp32s3: SPI Mode       : DIO[0m
[0;32mI (46) boot.esp32s3: SPI Flash Size : 2MB[0m
[0;32mI (50) boot: Enabling RNG early entropy source...[0m
[0;32mI (54) boot: Partition Table:[0m
[0;32mI (57) boot: ## Label            Usage          Type ST Offset   Length[0m
[0;32mI (63) boot:  0 nvs              WiFi data        01 02 00009000 00006000[0m
[0;32mI (69) boot:  1 phy_init         RF data          01 01 0000f000 00001000[0m
[0;32mI (76) boot:  2 factory          factory app      00 00 00010000 00100000[0m
[0;32mI (83) boot: End of partition table[0m
[0;32mI (86) esp_image: segment 0: paddr=00010020 vaddr=3c020020 size=0bcc4h ( 48324) map[0m
[0;32mI (102) esp_image: segment 1: paddr=0001bcec vaddr=3fc93700 size=02ae0h ( 10976) load[0m
[0;32mI (104) esp_image: segment 2: paddr=0001e7d4 vaddr=40374000 size=01844h (  6212) load[0m
[0;32mI (110) esp_image: segment 3: paddr=00020020 vaddr=42000020 size=1baa4h (113316) map[0m
[0;32mI (136) esp_image: segment 4: paddr=0003bacc vaddr=40375844 size=0de18h ( 56856) load[0m
[0;32mI (148) esp_image: segment 5: paddr=000498ec vaddr=600fe100 size=0001ch (    28) load[0m
[0;32mI (155) boot: Loaded app from partition at offset 0x10000[0m
[0;32mI (155) boot: Disabling RNG early entropy source...[0m
[0;32mI (166) cpu_start: Multicore app[0m
[0;32mI (175) cpu_start: Pro cpu start user code[0m
[0;32mI (175) cpu_start: cpu freq: 160000000 Hz[0m
[0;32mI (176) app_init: Application information:[0m
[0;32mI (176) app_init: Project name:     mi_proyecto[0m
[0;32mI (180) app_init: App version:      1[0m
[0;32mI (183) app_init: Compile time:     Mar 13 2025 00:16:04[0m
[0;32mI (188) app_init: ELF file SHA256:  e2fe11891...[0m
[0;32mI (193) app_init: ESP-IDF:          v5.4-dirty[0m
[0;32mI (197) efuse_init: Min chip rev:     v0.0[0m
[0;32mI (201) efuse_init: Max chip rev:     v0.99 [0m
[0;32mI (205) efuse_init: Chip rev:         v0.2[0m
[0;32mI (208) heap_init: Initializing. RAM available for dynamic allocation:[0m
[0;32mI (215) heap_init: At 3FC96AE0 len 00052C30 (331 KiB): RAM[0m
[0;32mI (220) heap_init: At 3FCE9710 len 00005724 (21 KiB): RAM[0m
[0;32mI (225) heap_init: At 3FCF0000 len 00008000 (32 KiB): DRAM[0m
[0;32mI (230) heap_init: At 600FE11C len 00001ECC (7 KiB): RTCRAM[0m
[0;32mI (237) spi_flash: detected chip: generic[0m
[0;32mI (239) spi_flash: flash io: dio[0m
[0;33mW (242) spi_flash: Detected size(16384k) larger than the size in the binary image header(2048k). Using the size in the binary image header.[0m
[0;32mI (255) sleep_gpio: Configure to isolate all GPIO pins in sleep state[0m
[0;32mI (261) sleep_gpio: Enable automatic switching of GPIO sleep configuration[0m
[0;32mI (268) main_task: Started on CPU0[0m
[0;32mI (288) main_task: Calling app_main()[0m
[1;31mE (288) adc_continuous: adc_continuous_config(468): ADC sampling frequency out of range[0m

abort() was called at PC 0x4200e6f6 on core 0


Backtrace: 0x40375b79:0x3fc99210 0x4037ad5d:0x3fc99230 0x4038159d:0x3fc99250 0x4200e6f6:0x3fc992c0 0x4200e8f3:0x3fc992e0 0x4200ce00:0x3fc99310 0x42009aeb:0x3fc99350 0x42009b9b:0x3fc993a0 0x4201af17:0x3fc993c0 0x4037b625:0x3fc993f0




ELF file SHA256: e2fe11891

Rebooting...
ESP-ROM:esp32s3-20210327
Build:Mar 27 2021
rst:0xc (RTC_SW_CPU_RST),boot:0x8 (SPI_FAST_FLASH_BOOT)
Saved PC:0x40375ab8
SPIWP:0xee
mode:DIO, clock div:1
load:0x3fce2810,len:0x15a0
load:0x403c8700,len:0x4
load:0x403c8704,len:0xd20
load:0x403cb700,len:0x2ee4
entry 0x403c8928
[0;32mI (31) boot: ESP-IDF v5.4-dirty 2nd stage bootloader[0m
[0;32mI (31) boot: compile time Mar 12 2025 20:36:23[0m
[0;32mI (31) boot: Multicore bootloader[0m
[0;32mI (32) boot: chip revision: v0.2[0m
[0;32mI (35) boot: efuse block revision: v1.3[0m
[0;32mI (38) boot.esp32s3: Boot SPI Speed : 80MHz[0m
[0;32mI (42) boot.esp32s3: SPI Mode       : DIO[0m
[0;32mI (46) boot.esp32s3: SPI Flash Size : 2MB[0m
[0;32mI (50) boot: Enabling RNG early entropy source...[0m
[0;32mI (54) boot: Partition Table:[0m
[0;32mI (57) boot: ## Label            Usage          Type ST Offset   Length[0m
[0;32mI (63) boot:  0 nvs              WiFi data        01 02 00009000 00006000[0m
[0;32mI (69) boot:  1 phy_init         RF data          01 01 0000f000 00001000[0m
[0;32mI (76) boot:  2 factory          factory app      00 00 00010000 00100000[0m
[0;32mI (83) boot: End of partition table[0m
[0;32mI (86) esp_image: segment 0: paddr=00010020 vaddr=3c020020 size=0bcc4h ( 48324) map[0m
[0;32mI (102) esp_image: segment 1: paddr=0001bcec vaddr=3fc93700 size=02ae0h ( 10976) load[0m
[0;32mI (104) esp_image: segment 2: paddr=0001e7d4 vaddr=40374000 size=01844h (  6212) load[0m
[0;32mI (110) esp_image: segment 3: paddr=00020020 vaddr=42000020 size=1baa4h (113316) map[0m
[0;32mI (136) esp_image: segment 4: paddr=0003bacc vaddr=40375844 size=0de18h ( 56856) load[0m
[0;32mI (148) esp_image: segment 5: paddr=000498ec vaddr=600fe100 size=0001ch (    28) load[0m
[0;32mI (155) boot: Loaded app from partition at offset 0x10000[0m
[0;32mI (155) boot: Disabling RNG early entropy source...[0m
[0;32mI (166) cpu_start: Multicore app[0m
[0;32mI (175) cpu_start: Pro cpu start user code[0m
[0;32mI (175) cpu_start: cpu freq: 160000000 Hz[0m
[0;32mI (176) app_init: Application information:[0m
[0;32mI (176) app_init: Project name:     mi_proyecto[0m
[0;32mI (180) app_init: App version:      1[0m
[0;32mI (183) app_init: Compile time:     Mar 13 2025 00:16:04[0m
[0;32mI (188) app_init: ELF file SHA256:  e2fe11891...[0m
[0;32mI (193) app_init: ESP-IDF:          v5.4-dirty[0m
[0;32mI (197) efuse_init: Min chip rev:     v0.0[0m
[0;32mI (201) efuse_init: Max chip rev:     v0.99 [0m
[0;32mI (205) efuse_init: Chip rev:         v0.2[0m
[0;32mI (208) heap_init: Initializing. RAM available for dynamic allocation:[0m
[0;32mI (215) heap_init: At 3FC96AE0 len 00052C30 (331 KiB): RAM[0m
[0;32mI (220) heap_init: At 3FCE9710 len 00005724 (21 KiB): RAM[0m
[0;32mI (225) heap_init: At 3FCF0000 len 00008000 (32 KiB): DRAM[0m
[0;32mI (230) heap_init: At 600FE11C len 00001ECC (7 KiB): RTCRAM[0m
[0;32mI (237) spi_flash: detected chip: generic[0m
[0;32mI (239) spi_flash: flash io: dio[0m
[0;33mW (242) spi_flash: Detected size(16384k) larger than the size in the binary image header(2048k). Using the size in the binary image header.[0m
[0;32mI (255) sleep_gpio: Configure to isolate all GPIO pins in sleep state[0m
[0;32mI (261) sleep_gpio: Enable automatic switching of GPIO sleep configuration[0m
[0;32mI (268) main_task: Started on CPU0[0m
[0;32mI (288) main_task: Calling app_main()[0m
[1;31mE (288) adc_continuous: adc_continuous_config(468): ADC sampling frequency out of range[0m

abort() was called at PC 0x4200e6f6 on core 0


Backtrace: 0x40375b79:0x3fc99210 0x4037ad5d:0x3fc99230 0x4038159d:0x3fc99250 0x4200e6f6:0x3fc992c0 0x4200e8f3:0x3fc992e0 0x4200ce00:0x3fc99310 0x42009aeb:0x3fc99350 0x42009b9b:0x3fc993a0 0x4201af17:0x3fc993c0 0x4037b625:0x3fc993f0




ELF file SHA256: e2fe11891

Rebooting...
ESP-ROM:esp32s3-20210327
Build:Mar 27 2021
rst:0xc (RTC_SW_CPU_RST),boot:0x8 (SPI_FAST_FLASH_BOOT)
Saved PC:0x40375ab8
SPIWP:0xee
mode:DIO, clock div:1
load:0x3fce2810,len:0x15a0
load:0x403c8700,len:0x4
load:0x403c8704,len:0xd20
load:0x403cb700,len:0x2ee4
entry 0x403c8928
[0;32mI (31) boot: ESP-IDF v5.4-dirty 2nd stage bootloader[0m
[0;32mI (31) boot: compile time Mar 12 2025 20:36:23[0m
[0;32mI (31) boot: Multicore bootloader[0m
[0;32mI (32) boot: chip revision: v0.2[0m
[0;32mI (35) boot: efuse block revision: v1.3[0m
[0;32mI (38) boot.esp32s3: Boot SPI Speed : 80MHz[0m
[0;32mI (42) boot.esp32s3: SPI Mode       : DIO[0m
[0;32mI (46) boot.esp32s3: SPI Flash Size : 2MB[0m
[0;32mI (50) boot: Enabling RNG early entropy source...[0m
[0;32mI (54) boot: Partition Table:[0m
[0;32mI (57) boot: ## Label            Usage          Type ST Offset   Length[0m
[0;32mI (63) boot:  0 nvs              WiFi data        01 02 00009000 00006000[0m
[0;32mI (69) boot:  1 phy_init         RF data          01 01 0000f000 00001000[0m
[0;32mI (76) boot:  2 factory          factory app      00 00 00010000 00100000[0m
[0;32mI (83) boot: End of partition table[0m
[0;32mI (86) esp_image: segment 0: paddr=00010020 vaddr=3c020020 size=0bcc4h ( 48324) map[0m
[0;32mI (102) esp_image: segment 1: paddr=0001bcec vaddr=3fc93700 size=02ae0h ( 10976) load[0m
[0;32mI (104) esp_image: segment 2: paddr=0001e7d4 vaddr=40374000 size=01844h (  6212) load[0m
[0;32mI (110) esp_image: segment 3: paddr=00020020 vaddr=42000020 size=1baa4h (113316) map[0m
[0;32mI (136) esp_image: segment 4: paddr=0003bacc vaddr=40375844 size=0de18h ( 56856) load[0m
[0;32mI (148) esp_image: segment 5: paddr=000498ec vaddr=600fe100 size=0001ch (    28) load[0m
[0;32mI (155) boot: Loaded app from partition at offset 0x10000[0m
[0;32mI (155) boot: Disabling RNG early entropy source...[0m
[0;32mI (166) cpu_start: Multicore app[0m
[0;32mI (175) cpu_start: Pro cpu start user code[0m
