ESP-ROM:esp32s3-20210327
Build:Mar 27 2021
rst:0x1 (POWERON),boot:0x8 (SPI_FAST_FLASH_BOOT)
SPIWP:0xee
mode:DIO, clock div:1
load:0x3fce2810,len:0x15a0
load:0x403c8700,len:0x4
load:0x403c8704,len:0xd20
load:0x403cb700,len:0x2ee4
entry 0x403c8928
[0;32mI (27) boot: ESP-IDF v5.4-dirty 2nd stage bootloader[0m
[0;32mI (27) boot: compile time Mar 12 2025 20:36:23[0m
[0;32mI (27) boot: Multicore bootloader[0m
[0;32mI (27) boot: chip revision: v0.2[0m
[0;32mI (30) boot: efuse block revision: v1.3[0m
[0;32mI (34) boot.esp32s3: Boot SPI Speed : 80MHz[0m
[0;32mI (38) boot.esp32s3: SPI Mode       : DIO[0m
[0;32mI (41) boot.esp32s3: SPI Flash Size : 2MB[0m
[0;32mI (45) boot: Enabling RNG early entropy source...[0m
[0;32mI (50) boot: Partition Table:[0m
[0;32mI (52) boot: ## Label            Usage          Type ST Offset   Length[0m
[0;32mI (59) boot:  0 nvs              WiFi data        01 02 00009000 00006000[0m
[0;32mI (65) boot:  1 phy_init         RF data          01 01 0000f000 00001000[0m
[0;32mI (72) boot:  2 factory          factory app      00 00 00010000 00100000[0m
[0;32mI (78) boot: End of partition table[0m
[0;32mI (81) esp_image: segment 0: paddr=00010020 vaddr=3c020020 size=0ae6ch ( 44652) map[0m
[0;32mI (97) esp_image: segment 1: paddr=0001ae94 vaddr=3fc92400 size=02ad0h ( 10960) load[0m
[0;32mI (99) esp_image: segment 2: paddr=0001d96c vaddr=40374000 size=026ach (  9900) load[0m
[0;32mI (106) esp_image: segment 3: paddr=00020020 vaddr=42000020 size=19c5ch (105564) map[0m
[0;32mI (130) esp_image: segment 4: paddr=00039c84 vaddr=403766ac size=0bcf8h ( 48376) load[0m
[0;32mI (141) esp_image: segment 5: paddr=00045984 vaddr=600fe100 size=0001ch (    28) load[0m
[0;32mI (146) boot: Loaded app from partition at offset 0x10000[0m
[0;32mI (147) boot: Disabling RNG early entropy source...[0m
[0;32mI (158) cpu_start: Multicore app[0m
[0;32mI (168) cpu_start: Pro cpu start user code[0m
[0;32mI (168) cpu_start: cpu freq: 160000000 Hz[0m
[0;32mI (168) app_init: Application information:[0m
[0;32mI (168) app_init: Project name:     mi_proyecto[0m
[0;32mI (172) app_init: App version:      1[0m
[0;32mI (175) app_init: Compile time:     Mar 13 2025 00:16:04[0m
[0;32mI (181) app_init: ELF file SHA256:  6130692f0...[0m
[0;32mI (185) app_init: ESP-IDF:          v5.4-dirty[0m
[0;32mI (189) efuse_init: Min chip rev:     v0.0[0m
[0;32mI (193) efuse_init: Max chip rev:     v0.99 [0m
[0;32mI (197) efuse_init: Chip rev:         v0.2[0m
[0;32mI (201) heap_init: Initializing. RAM available for dynamic allocation:[0m
[0;32mI (207) heap_init: At 3FC986B0 len 00051060 (324 KiB): RAM[0m
[0;32mI (212) heap_init: At 3FCE9710 len 00005724 (21 KiB): RAM[0m
[0;32mI (217) heap_init: At 3FCF0000 len 00008000 (32 KiB): DRAM[0m
[0;32mI (222) heap_init: At 600FE11C len 00001ECC (7 KiB): RTCRAM[0m
[0;32mI (229) spi_flash: detected chip: generic[0m
[0;32mI (231) spi_flash: flash io: dio[0m
[0;33mW (234) spi_flash: Detected size(16384k) larger than the size in the binary image header(2048k). Using the size in the binary image header.[0m
[0;33mW (247) timer_group: legacy driver is deprecated, please migrate to `driver/gptimer.h`[0m
[0;33mW (255) ADC: legacy driver is deprecated, please migrate to `esp_adc/adc_oneshot.h`[0m
[0;32mI (262) sleep_gpio: Configure to isolate all GPIO pins in sleep state[0m
[0;32mI (268) sleep_gpio: Enable automatic switching of GPIO sleep configuration[0m
[0;32mI (275) main_task: Started on CPU0[0m
[0;32mI (285) main_task: Calling app_main()[0m
Guru Meditation Error: Core  0 panic'ed (Interrupt wdt timeout on CPU0). 

Core  0 register dump:
PC      : 0x403772ee  PS      : 0x00050034  A0      : 0x400559e0  A1      : 0x3fc935a0  
A2      : 0x00800008  A3      : 0x00818048  A4      : 0x28c08800  A5      : 0x3fc93570  
A6      : 0x00000000  A7      : 0x00000000  A8      : 0x3fc9c1b8  A9      : 0x4037a83a  
A10     : 0x00000000  A11     : 0x3fc9c29c  A12     : 0x3fc955cc  A13     : 0x00000041  
A14     : 0x00000000  A15     : 0x3fc98da0  SAR     : 0x00000009  EXCCAUSE: 0x00000005  
EXCVADDR: 0x00000000  LBEG    : 0x400570e8  LEND    : 0x400570f3  LCOUNT  : 0xffffffff  
Core  0 was running in ISR context:
EPC1    : 0x42017fab  EPC2    : 0x00000000  EPC3    : 0x400559e0  EPC4    : 0x403772ee


Backtrace: 0x403772eb:0x3fc935a0 0x400559dd:0x3fc9ae70 0x4037a7b2:0x3fc9ae80 0x42003e62:0x3fc9aea0 0x4200ca6d:0x3fc9aef0 0x42009736:0x3fc9af20 0x4200974a:0x3fc9af60 0x4201951f:0x3fc9af90 0x4037a419:0x3fc9afc0


Core  1 register dump:
PC      : 0x4037835a  PS      : 0x00060734  A0      : 0x82002cb5  A1      : 0x3fc9be20  
A2      : 0x00000000  A3      : 0x00000000  A4      : 0x3fc99e60  A5      : 0x3fc99e40  
A6      : 0x40375e00  A7      : 0x00000001  A8      : 0x8200b392  A9      : 0x3fc9bde0  
A10     : 0x00000000  A11     : 0x00000000  A12     : 0x3fc99e40  A13     : 0x3fc99e20  
A14     : 0x00000001  A15     : 0x3fc9bff4  SAR     : 0x00000000  EXCCAUSE: 0x00000005  
EXCVADDR: 0x00000000  LBEG    : 0x00000000  LEND    : 0x00000000  LCOUNT  : 0x00000000  


Backtrace: 0x40378357:0x3fc9be20 0x42002cb2:0x3fc9be40 0x4037b391:0x3fc9be60 0x4037a419:0x3fc9be80




ELF file SHA256: 6130692f0

Rebooting...
ï¿½ï¿½ï¿½ESP-ROM:esp32s3-20210327
Build:Mar 27 2021
rst:0xc (RTC_SW_CPU_RST),boot:0x8 (SPI_FAST_FLASH_BOOT)
Saved PC:0x403759c0
SPIWP:0xee
mode:DIO, clock div:1
load:0x3fce2810,len:0x15a0
load:0x403c8700,len:0x4
load:0x403c8704,len:0xd20
load:0x403cb700,len:0x2ee4
entry 0x403c8928
[0;32mI (31) boot: ESP-IDF v5.4-dirty 2nd stage bootloader[0m
[0;32mI (31) boot: compile time Mar 12 2025 20:36:23[0m
[0;32mI (31) boot: Multicore bootloader[0m
[0;32mI (32) boot: chip revision: v0.2[0m
[0;32mI (35) boot: efuse block revision: v1.3[0m
[0;32mI (38) boot.esp32s3: Boot SPI Speed : 80MHz[0m
[0;32mI (42) boot.esp32s3: SPI Mode       : DIO[0m
[0;32mI (46) boot.esp32s3: SPI Flash Size : 2MB[0m
[0;32mI (50) boot: Enabling RNG early entropy source...[0m
[0;32mI (54) boot: Partition Table:[0m
[0;32mI (57) boot: ## Label            Usage          Type ST Offset   Length[0m
[0;32mI (63) boot:  0 nvs              WiFi data        01 02 00009000 00006000[0m
[0;32mI (69) boot:  1 phy_init         RF data          01 01 0000f000 00001000[0m
[0;32mI (76) boot:  2 factory          factory app      00 00 00010000 00100000[0m
[0;32mI (83) boot: End of partition table[0m
[0;32mI (86) esp_image: segment 0: paddr=00010020 vaddr=3c020020 size=0ae6ch ( 44652) map[0m
[0;32mI (101) esp_image: segment 1: paddr=0001ae94 vaddr=3fc92400 size=02ad0h ( 10960) load[0m
[0;32mI (104) esp_image: segment 2: paddr=0001d96c vaddr=40374000 size=026ach (  9900) load[0m
[0;32mI (110) esp_image: segment 3: paddr=00020020 vaddr=42000020 size=19c5ch (105564) map[0m
[0;32mI (134) esp_image: segment 4: paddr=00039c84 vaddr=403766ac size=0bcf8h ( 48376) load[0m
[0;32mI (145) esp_image: segment 5: paddr=00045984 vaddr=600fe100 size=0001ch (    28) load[0m
[0;32mI (151) boot: Loaded app from partition at offset 0x10000[0m
[0;32mI (151) boot: Disabling RNG early entropy source...[0m
[0;32mI (163) cpu_start: Multicore app[0m
[0;32mI (172) cpu_start: Pro cpu start user code[0m
[0;32mI (172) cpu_start: cpu freq: 160000000 Hz[0m
[0;32mI (172) app_init: Application information:[0m
[0;32mI (172) app_init: Project name:     mi_proyecto[0m
[0;32mI (177) app_init: App version:      1[0m
[0;32mI (180) app_init: Compile time:     Mar 13 2025 00:16:04[0m
[0;32mI (185) app_init: ELF file SHA256:  6130692f0...[0m
[0;32mI (189) app_init: ESP-IDF:          v5.4-dirty[0m
[0;32mI (194) efuse_init: Min chip rev:     v0.0[0m
[0;32mI (197) efuse_init: Max chip rev:     v0.99 [0m
[0;32mI (201) efuse_init: Chip rev:         v0.2[0m
[0;32mI (205) heap_init: Initializing. RAM available for dynamic allocation:[0m
[0;32mI (212) heap_init: At 3FC986B0 len 00051060 (324 KiB): RAM[0m
[0;32mI (217) heap_init: At 3FCE9710 len 00005724 (21 KiB): RAM[0m
[0;32mI (222) heap_init: At 3FCF0000 len 00008000 (32 KiB): DRAM[0m
[0;32mI (227) heap_init: At 600FE11C len 00001ECC (7 KiB): RTCRAM[0m
[0;32mI (233) spi_flash: detected chip: generic[0m
[0;32mI (236) spi_flash: flash io: dio[0m
[0;33mW (239) spi_flash: Detected size(16384k) larger than the size in the binary image header(2048k). Using the size in the binary image header.[0m
[0;33mW (251) timer_group: legacy driver is deprecated, please migrate to `driver/gptimer.h`[0m
[0;33mW (259) ADC: legacy driver is deprecated, please migrate to `esp_adc/adc_oneshot.h`[0m
[0;32mI (266) sleep_gpio: Configure to isolate all GPIO pins in sleep state[0m
[0;32mI (273) sleep_gpio: Enable automatic switching of GPIO sleep configuration[0m
[0;32mI (280) main_task: Started on CPU0[0m
[0;32mI (290) main_task: Calling app_main()[0m
Guru Meditation Error: Core  0 panic'ed (Interrupt wdt timeout on CPU0). 

Core  0 register dump:
PC      : 0x403772f9  PS      : 0x00050034  A0      : 0x3fc9adb0  A1      : 0x3fc935a0  
A2      : 0x00800000  A3      : 0x8037a7b5  A4      : 0x28c08800  A5      : 0x3fc93570  
A6      : 0x00000000  A7      : 0x00000000  A8      : 0x3fc9c1b8  A9      : 0x4037a83a  
A10     : 0x00000000  A11     : 0x3fc9c29c  A12     : 0x3fc955cc  A13     : 0x00000041  
A14     : 0x00000000  A15     : 0x3fc98da0  SAR     : 0x00000009  EXCCAUSE: 0x00000005  
EXCVADDR: 0x00000000  LBEG    : 0x400570e8  LEND    : 0x400570f3  LCOUNT  : 0xffffffff  
Core  0 was running in ISR context:
EPC1    : 0x42017fab  EPC2    : 0x00000000  EPC3    : 0x400559e0  EPC4    : 0x403772f9


Backtrace: 0x403772f6:0x3fc935a0 0x3fc9adad:0x3fc9ae70 |<-CORRUPTED


Core  1 register dump:
PC      : 0x4037835a  PS      : 0x00060734  A0      : 0x82002cb5  A1      : 0x3fc9be20  
A2      : 0x00000000  A3      : 0x00000000  A4      : 0x3fc99e60  A5      : 0x3fc99e40  
A6      : 0x40375e00  A7      : 0x00000001  A8      : 0x8200b392  A9      : 0x3fc9bde0  
A10     : 0x00000000  A11     : 0x00000000  A12     : 0x3fc99e40  A13     : 0x3fc99e20  
A14     : 0x00000001  A15     : 0x3fc9bff4  SAR     : 0x00000000  EXCCAUSE: 0x00000005  
EXCVADDR: 0x00000000  LBEG    : 0x00000000  LEND    : 0x00000000  LCOUNT  : 0x00000000  


Backtrace: 0x40378357:0x3fc9be20 0x42002cb2:0x3fc9be40 0x4037b391:0x3fc9be60 0x4037a419:0x3fc9be80




ELF file SHA256: 6130692f0

Rebooting...
ESP-ROM:esp32s3-20210327
Build:Mar 27 2021
rst:0xc (RTC_SW_CPU_RST),boot:0x8 (SPI_FAST_FLASH_BOOT)
Saved PC:0x403759c0
SPIWP:0xee
mode:DIO, clock div:1
load:0x3fce2810,len:0x15a0
load:0x403c8700,len:0x4
load:0x403c8704,len:0xd20
load:0x403cb700,len:0x2ee4
entry 0x403c8928
[0;32mI (31) boot: ESP-IDF v5.4-dirty 2nd stage bootloader[0m
[0;32mI (31) boot: compile time Mar 12 2025 20:36:23[0m
[0;32mI (31) boot: Multicore bootloader[0m
[0;32mI (32) boot: chip revision: v0.2[0m
[0;32mI (35) boot: efuse block revision: v1.3[0m
[0;32mI (38) boot.esp32s3: Boot SPI Speed : 80MHz[0m
[0;32mI (42) boot.esp32s3: SPI Mode       : DIO[0m
[0;32mI (46) boot.esp32s3: SPI Flash Size : 2MB[0m
[0;32mI (50) boot: Enabling RNG early entropy source...[0m
[0;32mI (54) boot: Partition Table:[0m
[0;32mI (57) boot: ## Label            Usage          Type ST Offset   Length[0m
[0;32mI (63) boot:  0 nvs              WiFi data        01 02 00009000 00006000[0m
[0;32mI (69) boot:  1 phy_init         RF data          01 01 0000f000 00001000[0m
[0;32mI (76) boot:  2 factory          factory app      00 00 00010000 00100000[0m
[0;32mI (83) boot: End of partition table[0m
[0;32mI (86) esp_image: segment 0: paddr=00010020 vaddr=3c020020 size=0ae6ch ( 44652) map[0m
[0;32mI (101) esp_image: segment 1: paddr=0001ae94 vaddr=3fc92400 size=02ad0h ( 10960) load[0m
[0;32mI (104) esp_image: segment 2: paddr=0001d96c vaddr=40374000 size=026ach (  9900) load[0m
[0;32mI (110) esp_image: segment 3: paddr=00020020 vaddr=42000020 size=19c5ch (105564) map[0m
[0;32mI (134) esp_image: segment 4: paddr=00039c84 vaddr=403766ac size=0bcf8h ( 48376) load[0m
[0;32mI (145) esp_image: segment 5: paddr=00045984 vaddr=600fe100 size=0001ch (    28) load[0m
[0;32mI (151) boot: Loaded app from partition at offset 0x10000[0m
[0;32mI (151) boot: Disabling RNG early entropy source...[0m
[0;32mI (163) cpu_start: Multicore app[0m
[0;32mI (172) cpu_start: Pro cpu start user code[0m
[0;32mI (172) cpu_start: cpu freq: 160000000 Hz[0m
[0;32mI (172) app_init: Application information:[0m
[0;32mI (172) app_init: Project name:     mi_proyecto[0m
[0;32mI (177) app_init: App version:      1[0m
[0;32mI (180) app_init: Compile time:     Mar 13 2025 00:16:04[0m
[0;32mI (185) app_init: ELF file SHA256:  6130692f0...[0m
[0;32mI (189) app_init: ESP-IDF:          v5.4-dirty[0m
[0;32mI (194) efuse_init: Min chip rev:     v0.0[0m
[0;32mI (197) efuse_init: Max chip rev:     v0.99 [0m
[0;32mI (201) efuse_init: Chip rev:         v0.2[0m
[0;32mI (205) heap_init: Initializing. RAM available for dynamic allocation:[0m
[0;32mI (212) heap_init: At 3FC986B0 len 00051060 (324 KiB): RAM[0m
[0;32mI (217) heap_init: At 3FCE9710 len 00005724 (21 KiB): RAM[0m
[0;32mI (222) heap_init: At 3FCF0000 len 00008000 (32 KiB): DRAM[0m
[0;32mI (227) heap_init: At 600FE11C len 00001ECC (7 KiB): RTCRAM[0m
[0;32mI (233) spi_flash: detected chip: generic[0m
[0;32mI (236) spi_flash: flash io: dio[0m
[0;33mW (239) spi_flash: Detected size(16384k) larger than the size in the binary image header(2048k). Using the size in the binary image header.[0m
[0;33mW (251) timer_group: legacy driver is deprecated, please migrate to `driver/gptimer.h`[0m
[0;33mW (259) ADC: legacy driver is deprecated, please migrate to `esp_adc/adc_oneshot.h`[0m
[0;32mI (266) sleep_gpio: Configure to isolate all GPIO pins in sleep state[0m
[0;32mI (273) sleep_gpio: Enable automatic switching of GPIO sleep configuration[0m
[0;32mI (280) main_task: Started on CPU0[0m
[0;32mI (290) main_task: Calling app_main()[0m
