ESP-ROM:esp32s3-20210327
Build:Mar 27 2021
rst:0x1 (POWERON),boot:0x8 (SPI_FAST_FLASH_BOOT)
SPIWP:0xee
mode:DIO, clock div:1
load:0x3fce2810,len:0x15a0
load:0x403c8700,len:0x4
load:0x403c8704,len:0xd20
load:0x403cb700,len:0x2ee4
entry 0x403c8928
[0;32mI (27) boot: ESP-IDF v5.4-dirty 2nd stage bootloader[0m
[0;32mI (27) boot: compile time Mar 12 2025 20:36:23[0m
[0;32mI (27) boot: Multicore bootloader[0m
[0;32mI (27) boot: chip revision: v0.2[0m
[0;32mI (30) boot: efuse block revision: v1.3[0m
[0;32mI (34) boot.esp32s3: Boot SPI Speed : 80MHz[0m
[0;32mI (38) boot.esp32s3: SPI Mode       : DIO[0m
[0;32mI (41) boot.esp32s3: SPI Flash Size : 2MB[0m
[0;32mI (45) boot: Enabling RNG early entropy source...[0m
[0;32mI (50) boot: Partition Table:[0m
[0;32mI (52) boot: ## Label            Usage          Type ST Offset   Length[0m
[0;32mI (59) boot:  0 nvs              WiFi data        01 02 00009000 00006000[0m
[0;32mI (65) boot:  1 phy_init         RF data          01 01 0000f000 00001000[0m
[0;32mI (72) boot:  2 factory          factory app      00 00 00010000 00100000[0m
[0;32mI (78) boot: End of partition table[0m
[0;32mI (81) esp_image: segment 0: paddr=00010020 vaddr=3c030020 size=0da10h ( 55824) map[0m
[0;32mI (99) esp_image: segment 1: paddr=0001da38 vaddr=3fc94b00 size=025e0h (  9696) load[0m
[0;32mI (101) esp_image: segment 2: paddr=00020020 vaddr=42000020 size=2b238h (176696) map[0m
[0;32mI (135) esp_image: segment 3: paddr=0004b260 vaddr=3fc970e0 size=00fd0h (  4048) load[0m
[0;32mI (136) esp_image: segment 4: paddr=0004c238 vaddr=40374000 size=10a4ch ( 68172) load[0m
[0;32mI (153) esp_image: segment 5: paddr=0005cc8c vaddr=600fe100 size=0001ch (    28) load[0m
[0;32mI (160) boot: Loaded app from partition at offset 0x10000[0m
[0;32mI (160) boot: Disabling RNG early entropy source...[0m
[0;32mI (171) cpu_start: Multicore app[0m
[0;32mI (181) cpu_start: Pro cpu start user code[0m
[0;32mI (181) cpu_start: cpu freq: 160000000 Hz[0m
[0;32mI (181) app_init: Application information:[0m
[0;32mI (181) app_init: Project name:     mi_proyecto[0m
[0;32mI (185) app_init: App version:      1[0m
[0;32mI (188) app_init: Compile time:     Mar 13 2025 00:16:04[0m
[0;32mI (193) app_init: ELF file SHA256:  5161b82d9...[0m
[0;32mI (198) app_init: ESP-IDF:          v5.4-dirty[0m
[0;32mI (202) efuse_init: Min chip rev:     v0.0[0m
[0;32mI (206) efuse_init: Max chip rev:     v0.99 [0m
[0;32mI (210) efuse_init: Chip rev:         v0.2[0m
[0;32mI (214) heap_init: Initializing. RAM available for dynamic allocation:[0m
[0;32mI (220) heap_init: At 3FC9A898 len 0004EE78 (315 KiB): RAM[0m
[0;32mI (225) heap_init: At 3FCE9710 len 00005724 (21 KiB): RAM[0m
[0;32mI (230) heap_init: At 3FCF0000 len 00008000 (32 KiB): DRAM[0m
[0;32mI (235) heap_init: At 600FE11C len 00001ECC (7 KiB): RTCRAM[0m
[0;32mI (242) spi_flash: detected chip: generic[0m
[0;32mI (244) spi_flash: flash io: dio[0m
[0;33mW (247) spi_flash: Detected size(16384k) larger than the size in the binary image header(2048k). Using the size in the binary image header.[0m
[0;32mI (260) sleep_gpio: Configure to isolate all GPIO pins in sleep state[0m
[0;32mI (266) sleep_gpio: Enable automatic switching of GPIO sleep configuration[0m
[0;32mI (273) main_task: Started on CPU0[0m
[0;32mI (293) main_task: Calling app_main()[0m
[1;31mE (293) spi: spicommon_bus_initialize_io(571): mosi not valid[0m
ESP_ERROR_CHECK failed: esp_err_t 0x102 (ESP_ERR_INVALID_ARG) at 0x42009b18
file: "./main/main.c" line 41
func: spi_init
expression: spi_bus_initialize(SPI_HOST, &buscfg, SPI_DMA_CH_AUTO)

abort() was called at PC 0x4037ae2f on core 0


Backtrace: 0x40375b6d:0x3fc9e210 0x4037ae39:0x3fc9e230 0x40382249:0x3fc9e250 0x4037ae2f:0x3fc9e2c0 0x42009b18:0x3fc9e2f0 0x42009c21:0x3fc9e380 0x4202a697:0x3fc9e3a0 0x4037b7ed:0x3fc9e3d0




ELF file SHA256: 5161b82d9

Rebooting...
ï¿½ï¿½ï¿½ESP-ROM:esp32s3-20210327
Build:Mar 27 2021
rst:0xc (RTC_SW_CPU_RST),boot:0x8 (SPI_FAST_FLASH_BOOT)
Saved PC:0x40375aac
SPIWP:0xee
mode:DIO, clock div:1
load:0x3fce2810,len:0x15a0
load:0x403c8700,len:0x4
load:0x403c8704,len:0xd20
load:0x403cb700,len:0x2ee4
entry 0x403c8928
[0;32mI (31) boot: ESP-IDF v5.4-dirty 2nd stage bootloader[0m
[0;32mI (31) boot: compile time Mar 12 2025 20:36:23[0m
[0;32mI (31) boot: Multicore bootloader[0m
[0;32mI (32) boot: chip revision: v0.2[0m
[0;32mI (35) boot: efuse block revision: v1.3[0m
[0;32mI (38) boot.esp32s3: Boot SPI Speed : 80MHz[0m
[0;32mI (42) boot.esp32s3: SPI Mode       : DIO[0m
[0;32mI (46) boot.esp32s3: SPI Flash Size : 2MB[0m
[0;32mI (50) boot: Enabling RNG early entropy source...[0m
[0;32mI (54) boot: Partition Table:[0m
[0;32mI (57) boot: ## Label            Usage          Type ST Offset   Length[0m
[0;32mI (63) boot:  0 nvs              WiFi data        01 02 00009000 00006000[0m
[0;32mI (69) boot:  1 phy_init         RF data          01 01 0000f000 00001000[0m
[0;32mI (76) boot:  2 factory          factory app      00 00 00010000 00100000[0m
[0;32mI (83) boot: End of partition table[0m
[0;32mI (86) esp_image: segment 0: paddr=00010020 vaddr=3c030020 size=0da10h ( 55824) map[0m
[0;32mI (103) esp_image: segment 1: paddr=0001da38 vaddr=3fc94b00 size=025e0h (  9696) load[0m
[0;32mI (105) esp_image: segment 2: paddr=00020020 vaddr=42000020 size=2b238h (176696) map[0m
[0;32mI (139) esp_image: segment 3: paddr=0004b260 vaddr=3fc970e0 size=00fd0h (  4048) load[0m
[0;32mI (141) esp_image: segment 4: paddr=0004c238 vaddr=40374000 size=10a4ch ( 68172) load[0m
[0;32mI (158) esp_image: segment 5: paddr=0005cc8c vaddr=600fe100 size=0001ch (    28) load[0m
[0;32mI (165) boot: Loaded app from partition at offset 0x10000[0m
[0;32mI (165) boot: Disabling RNG early entropy source...[0m
[0;32mI (176) cpu_start: Multicore app[0m
[0;32mI (185) cpu_start: Pro cpu start user code[0m
[0;32mI (185) cpu_start: cpu freq: 160000000 Hz[0m
[0;32mI (185) app_init: Application information:[0m
[0;32mI (185) app_init: Project name:     mi_proyecto[0m
[0;32mI (189) app_init: App version:      1[0m
[0;32mI (193) app_init: Compile time:     Mar 13 2025 00:16:04[0m
[0;32mI (198) app_init: ELF file SHA256:  5161b82d9...[0m
[0;32mI (202) app_init: ESP-IDF:          v5.4-dirty[0m
[0;32mI (206) efuse_init: Min chip rev:     v0.0[0m
[0;32mI (210) efuse_init: Max chip rev:     v0.99 [0m
[0;32mI (214) efuse_init: Chip rev:         v0.2[0m
[0;32mI (218) heap_init: Initializing. RAM available for dynamic allocation:[0m
[0;32mI (224) heap_init: At 3FC9A898 len 0004EE78 (315 KiB): RAM[0m
[0;32mI (229) heap_init: At 3FCE9710 len 00005724 (21 KiB): RAM[0m
[0;32mI (235) heap_init: At 3FCF0000 len 00008000 (32 KiB): DRAM[0m
[0;32mI (240) heap_init: At 600FE11C len 00001ECC (7 KiB): RTCRAM[0m
[0;32mI (246) spi_flash: detected chip: generic[0m
[0;32mI (249) spi_flash: flash io: dio[0m
[0;33mW (252) spi_flash: Detected size(16384k) larger than the size in the binary image header(2048k). Using the size in the binary image header.[0m
[0;32mI (264) sleep_gpio: Configure to isolate all GPIO pins in sleep state[0m
[0;32mI (270) sleep_gpio: Enable automatic switching of GPIO sleep configuration[0m
[0;32mI (277) main_task: Started on CPU0[0m
[0;32mI (297) main_task: Calling app_main()[0m
[1;31mE (297) spi: spicommon_bus_initialize_io(571): mosi not valid[0m
ESP_ERROR_CHECK failed: esp_err_t 0x102 (ESP_ERR_INVALID_ARG) at 0x42009b18
file: "./main/main.c" line 41
func: spi_init
expression: spi_bus_initialize(SPI_HOST, &buscfg, SPI_DMA_CH_AUTO)

abort() was called at PC 0x4037ae2f on core 0


Backtrace: 0x40375b6d:0x3fc9e210 0x4037ae39:0x3fc9e230 0x40382249:0x3fc9e250 0x4037ae2f:0x3fc9e2c0 0x42009b18:0x3fc9e2f0 0x42009c21:0x3fc9e380 0x4202a697:0x3fc9e3a0 0x4037b7ed:0x3fc9e3d0




ELF file SHA256: 5161b82d9

Rebooting...
ESP-ROM:esp32s3-20210327
Build:Mar 27 2021
rst:0xc (RTC_SW_CPU_RST),boot:0x8 (SPI_FAST_FLASH_BOOT)
Saved PC:0x40375aac
SPIWP:0xee
mode:DIO, clock div:1
load:0x3fce2810,len:0x15a0
load:0x403c8700,len:0x4
load:0x403c8704,len:0xd20
load:0x403cb700,len:0x2ee4
entry 0x403c8928
[0;32mI (31) boot: ESP-IDF v5.4-dirty 2nd stage bootloader[0m
[0;32mI (31) boot: compile time Mar 12 2025 20:36:23[0m
[0;32mI (31) boot: Multicore bootloader[0m
[0;32mI (32) boot: chip revision: v0.2[0m
[0;32mI (35) boot: efuse block revision: v1.3[0m
[0;32mI (38) boot.esp32s3: Boot SPI Speed : 80MHz[0m
[0;32mI (42) boot.esp32s3: SPI Mode       : DIO[0m
[0;32mI (46) boot.esp32s3: SPI Flash Size : 2MB[0m
[0;32mI (50) boot: Enabling RNG early entropy source...[0m
[0;32mI (54) boot: Partition Table:[0m
[0;32mI (57) boot: ## Label            Usage          Type ST Offset   Length[0m
[0;32mI (63) boot:  0 nvs              WiFi data        01 02 00009000 00006000[0m
[0;32mI (69) boot:  1 phy_init         RF data          01 01 0000f000 00001000[0m
[0;32mI (76) boot:  2 factory          factory app      00 00 00010000 00100000[0m
[0;32mI (83) boot: End of partition table[0m
[0;32mI (86) esp_image: segment 0: paddr=00010020 vaddr=3c030020 size=0da10h ( 55824) map[0m
[0;32mI (103) esp_image: segment 1: paddr=0001da38 vaddr=3fc94b00 size=025e0h (  9696) load[0m
[0;32mI (105) esp_image: segment 2: paddr=00020020 vaddr=42000020 size=2b238h (176696) map[0m
[0;32mI (139) esp_image: segment 3: paddr=0004b260 vaddr=3fc970e0 size=00fd0h (  4048) load[0m
[0;32mI (141) esp_image: segment 4: paddr=0004c238 vaddr=40374000 size=10a4ch ( 68172) load[0m
[0;32mI (158) esp_image: segment 5: paddr=0005cc8c vaddr=600fe100 size=0001ch (    28) load[0m
[0;32mI (165) boot: Loaded app from partition at offset 0x10000[0m
[0;32mI (165) boot: Disabling RNG early entropy source...[0m
[0;32mI (176) cpu_start: Multicore app[0m
[0;32mI (185) cpu_start: Pro cpu start user code[0m
[0;32mI (185) cpu_start: cpu freq: 160000000 Hz[0m
[0;32mI (185) app_init: Application information:[0m
[0;32mI (185) app_init: Project name:     mi_proyecto[0m
[0;32mI (189) app_init: App version:      1[0m
[0;32mI (193) app_init: Compile time:     Mar 13 2025 00:16:04[0m
[0;32mI (198) app_init: ELF file SHA256:  5161b82d9...[0m
[0;32mI (202) app_init: ESP-IDF:          v5.4-dirty[0m
[0;32mI (206) efuse_init: Min chip rev:     v0.0[0m
[0;32mI (210) efuse_init: Max chip rev:     v0.99 [0m
[0;32mI (214) efuse_init: Chip rev:         v0.2[0m
[0;32mI (218) heap_init: Initializing. RAM available for dynamic allocation:[0m
[0;32mI (224) heap_init: At 3FC9A898 len 0004EE78 (315 KiB): RAM[0m
[0;32mI (229) heap_init: At 3FCE9710 len 00005724 (21 KiB): RAM[0m
[0;32mI (235) heap_init: At 3FCF0000 len 00008000 (32 KiB): DRAM[0m
[0;32mI (240) heap_init: At 600FE11C len 00001ECC (7 KiB): RTCRAM[0m
[0;32mI (246) spi_flash: detected chip: generic[0m
[0;32mI (249) spi_flash: flash io: dio[0m
[0;33mW (252) spi_flash: Detected size(16384k) larger than the size in the binary image header(2048k). Using the size in the binary image header.[0m
[0;32mI (264) sleep_gpio: Configure to isolate all GPIO pins in sleep state[0m
[0;32mI (270) sleep_gpio: Enable automatic switching of GPIO sleep configuration[0m
[0;32mI (277) main_task: Started on CPU0[0m
[0;32mI (297) main_task: Calling app_main()[0m
[1;31mE (297) spi: spicommon_bus_initialize_io(571): mosi not valid[0m
ESP_ERROR_CHECK failed: esp_err_t 0x102 (ESP_ERR_INVALID_ARG) at 0x42009b18
file: "./main/main.c" line 41
func: spi_init
expression: spi_bus_initialize(SPI_HOST, &buscfg, SPI_DMA_CH_AUTO)

abort() was called at PC 0x4037ae2f on core 0


Backtrace: 0x40375b6d:0x3fc9e210 0x4037ae39:0x3fc9e230 0x40382249:0x3fc9e250 0x4037ae2f:0x3fc9e2c0 0x42009b18:0x3fc9e2f0 0x42009c21:0x3fc9e380 0x4202a697:0x3fc9e3a0 0x4037b7ed:0x3fc9e3d0




ELF file SHA256: 5161b82d9

Rebooting...
ESP-ROM:esp32s3-20210327
Build:Mar 27 2021
rst:0xc (RTC_SW_CPU_RST),boot:0x8 (SPI_FAST_FLASH_BOOT)
Saved PC:0x40375aac
SPIWP:0xee
mode:DIO, clock div:1
load:0x3fce2810,len:0x15a0
load:0x403c8700,len:0x4
load:0x403c8704,len:0xd20
load:0x403cb700,len:0x2ee4
entry 0x403c8928
[0;32mI (31) boot: ESP-IDF v5.4-dirty 2nd stage bootloader[0m
[0;32mI (31) boot: compile time Mar 12 2025 20:36:23[0m
[0;32mI (31) boot: Multicore bootloader[0m
[0;32mI (32) boot: chip revision: v0.2[0m
[0;32mI (35) boot: efuse block revision: v1.3[0m
[0;32mI (38) boot.esp32s3: Boot SPI Speed : 80MHz[0m
[0;32mI (42) boot.esp32s3: SPI Mode       : DIO[0m
[0;32mI (46) boot.esp32s3: SPI Flash Size : 2MB[0m
[0;32mI (50) boot: Enabling RNG early entropy source...[0m
[0;32mI (54) boot: Partition Table:[0m
[0;32mI (57) boot: ## Label            Usage          Type ST Offset   Length[0m
[0;32mI (63) boot:  0 nvs              WiFi data        01 02 00009000 00006000[0m
[0;32mI (69) boot:  1 phy_init         RF data          01 01 0000f000 00001000[0m
[0;32mI (76) boot:  2 factory          factory app      00 00 00010000 00100000[0m
[0;32mI (83) boot: End of partition table[0m
[0;32mI (86) esp_image: segment 0: paddr=00010020 vaddr=3c030020 size=0da10h ( 55824) map[0m
[0;32mI (103) esp_image: segment 1: paddr=0001da38 vaddr=3fc94b00 size=025e0h (  9696) load[0m
[0;32mI (105) esp_image: segment 2: paddr=00020020 vaddr=42000020 size=2b238h (176696) map[0m
[0;32mI (139) esp_image: segment 3: paddr=0004b260 vaddr=3fc970e0 size=00fd0h (  4048) load[0m
[0;32mI (141) esp_image: segment 4: paddr=0004c238 vaddr=40374000 size=10a4ch ( 68172) load[0m
[0;32mI (158) esp_image: segment 5: paddr=0005cc8c vaddr=600fe100 size=0001ch (    28) load[0m
[0;32mI (165) boot: Loaded app from partition at offset 0x10000[0m
[0;32mI (165) boot: Disabling RNG early entropy source...[0m
[0;32mI (176) cpu_start: Multicore app[0m
[0;32mI (185) cpu_start: Pro cpu start user code[0m
[0;32mI (185) cpu_start: cpu freq: 160000000 Hz[0m
[0;32mI (185) app_init: Application information:[0m
[0;32mI (185) app_init: Project name:     mi_proyecto[0m
[0;32mI (189) app_init: App version:      1[0m
[0;32mI (193) app_init: Compile time:     Mar 13 2025 00:16:04[0m
[0;32mI (198) app_init: ELF file SHA256:  5161b82d9...[0m
[0;32mI (202) app_init: ESP-IDF:          v5.4-dirty[0m
[0;32mI (206) efuse_init: Min chip rev:     v0.0[0m
[0;32mI (210) efuse_init: Max chip rev:     v0.99 [0m
[0;32mI (214) efuse_init: Chip rev:         v0.2[0m
[0;32mI (218) heap_init: Initializing. RAM available for dynamic allocation:[0m
[0;32mI (224) heap_init: At 3FC9A898 len 0004EE78 (315 KiB): RAM[0m
[0;32mI (229) heap_init: At 3FCE9710 len 00005724 (21 KiB): RAM[0m
[0;32mI (235) heap_init: At 3FCF0000 len 00008000 (32 KiB): DRAM[0m
[0;32mI (240) heap_init: At 600FE11C len 00001ECC (7 KiB): RTCRAM[0m
[0;32mI (246) spi_flash: detected chip: generic[0m
[0;32mI (249) spi_flash: flash io: dio[0m
[0;33mW (252) spi_flash: Detected size(16384k) larger than the size in the binary image header(2048k). Using the size in the binary image header.[0m
[0;32mI (264) sleep_gpio: Configure to isolate all GPIO pins in sleep state[0m
[0;32mI (270) sleep_gpio: Enable automatic switching of GPIO sleep configuration[0m
[0;32mI (277) main_task: Started on CPU0[0m
[0;32mI (297) main_task: Calling app_main()[0m
[1;31mE (297) spi: spicommon_bus_initialize_io(571): mosi not valid[0m
ESP_ERROR_CHECK failed: esp_err_t 0x102 (ESP_ERR_INVALID_ARG) at 0x42009b18
file: "./main/main.c" line 41
func: spi_init
expression: spi_bus_initialize(SPI_HOST, &buscfg, SPI_DMA_CH_AUTO)

abort() was called at PC 0x4037ae2f on core 0


Backtrace: 0x40375b6d:0x3fc9e210 0x4037ae39:0x3fc9e230 0x40382249:0x3fc9e250 0x4037ae2f:0x3fc9e2c0 0x42009b18:0x3fc9e2f0 0x42009c21:0x3fc9e380 0x4202a697:0x3fc9e3a0 0x4037b7ed:0x3fc9e3d0




ELF file SHA256: 5161b82d9

Rebooting...
ESP-ROM:esp32s3-20210327
Build:Mar 27 2021
rst:0xc (RTC_SW_CPU_RST),boot:0x8 (SPI_FAST_FLASH_BOOT)
Saved PC:0x40375aac
SPIWP:0xee
mode:DIO, clock div:1
load:0x3fce2810,len:0x15a0
load:0x403c8700,len:0x4
load:0x403c8704,len:0xd20
load:0x403cb700,len:0x2ee4
entry 0x403c8928
[0;32mI (31) boot: ESP-IDF v5.4-dirty 2nd stage bootloader[0m
[0;32mI (31) boot: compile time Mar 12 2025 20:36:23[0m
[0;32mI (31) boot: Multicore bootloader[0m
[0;32mI (32) boot: chip revision: v0.2[0m
[0;32mI (35) boot: efuse block revision: v1.3[0m
[0;32mI (38) boot.esp32s3: Boot SPI Speed : 80MHz[0m
[0;32mI (42) boot.esp32s3: SPI Mode       : DIO[0m
[0;32mI (46) boot.esp32s3: SPI Flash Size : 2MB[0m
[0;32mI (50) boot: Enabling RNG early entropy source...[0m
[0;32mI (54) boot: Partition Table:[0m
[0;32mI (57) boot: ## Label            Usage          Type ST Offset   Length[0m
[0;32mI (63) boot:  0 nvs              WiFi data        01 02 00009000 00006000[0m
[0;32mI (69) boot:  1 phy_init         RF data          01 01 0000f000 00001000[0m
[0;32mI (76) boot:  2 factory          factory app      00 00 00010000 00100000[0m
[0;32mI (83) boot: End of partition table[0m
[0;32mI (86) esp_image: segment 0: paddr=00010020 vaddr=3c030020 size=0da10h ( 55824) map[0m
[0;32mI (103) esp_image: segment 1: paddr=0001da38 vaddr=3fc94b00 size=025e0h (  9696) load[0m
[0;32mI (105) esp_image: segment 2: paddr=00020020 vaddr=42000020 size=2b238h (176696) map[0m
[0;32mI (139) esp_image: segment 3: paddr=0004b260 vaddr=3fc970e0 size=00fd0h (  4048) load[0m
[0;32mI (141) esp_image: segment 4: paddr=0004c238 vaddr=40374000 size=10a4ch ( 68172) load[0m
[0;32mI (158) esp_image: segment 5: paddr=0005cc8c vaddr=600fe100 size=0001ch (    28) load[0m
[0;32mI (165) boot: Loaded app from partition at offset 0x10000[0m
[0;32mI (165) boot: Disabling RNG early entropy source...[0m
[0;32mI (176) cpu_start: Multicore app[0m
[0;32mI (185) cpu_start: Pro cpu start user code[0m
[0;32mI (185) cpu_start: cpu freq: 160000000 Hz[0m
[0;32mI (185) app_init: Application information:[0m
[0;32mI (185) app_init: Project name:     mi_proyecto[0m
[0;32mI (189) app_init: App version:      1[0m
[0;32mI (193) app_init: Compile time:     Mar 13 2025 00:16:04[0m
[0;32mI (198) app_init: ELF file SHA256:  5161b82d9...[0m
[0;32mI (202) app_init: ESP-IDF:          v5.4-dirty[0m
[0;32mI (206) efuse_init: Min chip rev:     v0.0[0m
[0;32mI (210) efuse_init: Max chip rev:     v0.99 [0m
[0;32mI (214) efuse_init: Chip rev:         v0.2[0m
[0;32mI (218) heap_init: Initializing. RAM available for dynamic allocation:[0m
[0;32mI (224) heap_init: At 3FC9A898 len 0004EE78 (315 KiB): RAM[0m
[0;32mI (229) heap_init: At 3FCE9710 len 00005724 (21 KiB): RAM[0m
[0;32mI (235) heap_init: At 3FCF0000 len 00008000 (32 KiB): DRAM[0m
[0;32mI (240) heap_init: At 600FE11C len 00001ECC (7 KiB): RTCRAM[0m
[0;32mI (246) spi_flash: detected chip: generic[0m
[0;32mI (249) spi_flash: flash io: dio[0m
[0;33mW (252) spi_flash: Detected size(16384k) larger than the size in the binary image header(2048k). Using the size in the binary image header.[0m
[0;32mI (264) sleep_gpio: Configure to isolate all GPIO pins in sleep state[0m
[0;32mI (270) sleep_gpio: Enable automatic switching of GPIO sleep configuration[0m
[0;32mI (277) main_task: Started on CPU0[0m
[0;32mI (297) main_task: Calling app_main()[0m
[1;31mE (297) spi: spicommon_bus_initialize_io(571): mosi not valid[0m
ESP_ERROR_CHECK failed: esp_err_t 0x102 (ESP_ERR_INVALID_ARG) at 0x42009b18
file: "./main/main.c" line 41
func: spi_init
expression: spi_bus_initialize(SPI_HOST, &buscfg, SPI_DMA_CH_AUTO)

abort() was called at PC 0x4037ae2f on core 0


Backtrace: 0x40375b6d:0x3fc9e210 0x4037ae39:0x3fc9e230 0x40382249:0x3fc9e250 0x4037ae2f:0x3fc9e2c0 0x42009b18:0x3fc9e2f0 0x42009c21:0x3fc9e380 0x4202a697:0x3fc9e3a0 0x4037b7ed:0x3fc9e3d0




ELF file SHA256: 5161b82d9

Rebooting...
ESP-ROM:esp32s3-20210327
Build:Mar 27 2021
rst:0xc (RTC_SW_CPU_RST),boot:0x8 (SPI_FAST_FLASH_BOOT)
Saved PC:0x40375aac
SPIWP:0xee
mode:DIO, clock div:1
load:0x3fce2810,len:0x15a0
load:0x403c8700,len:0x4
load:0x403c8704,len:0xd20
load:0x403cb700,len:0x2ee4
entry 0x403c8928
[0;32mI (31) boot: ESP-IDF v5.4-dirty 2nd stage bootloader[0m
[0;32mI (31) boot: compile time Mar 12 2025 20:36:23[0m
[0;32mI (31) boot: Multicore bootloader[0m
[0;32mI (32) boot: chip revision: v0.2[0m
[0;32mI (35) boot: efuse block revision: v1.3[0m
[0;32mI (38) boot.esp32s3: Boot SPI Speed : 80MHz[0m
[0;32mI (42) boot.esp32s3: SPI Mode       : DIO[0m
[0;32mI (46) boot.esp32s3: SPI Flash Size : 2MB[0m
[0;32mI (50) boot: Enabling RNG early entropy source...[0m
[0;32mI (54) boot: Partition Table:[0m
[0;32mI (57) boot: ## Label            Usage          Type ST Offset   Length[0m
[0;32mI (63) boot:  0 nvs              WiFi data        01 02 00009000 00006000[0m
[0;32mI (69) boot:  1 phy_init         RF data          01 01 0000f000 00001000[0m
[0;32mI (76) boot:  2 factory          factory app      00 00 00010000 00100000[0m
[0;32mI (83) boot: End of partition table[0m
[0;32mI (86) esp_image: segment 0: paddr=00010020 vaddr=3c030020 size=0da10h ( 55824) map[0m
[0;32mI (103) esp_image: segment 1: paddr=0001da38 vaddr=3fc94b00 size=025e0h (  9696) load[0m
[0;32mI (105) esp_image: segment 2: paddr=00020020 vaddr=42000020 size=2b238h (176696) map[0m
[0;32mI (139) esp_image: segment 3: paddr=0004b260 vaddr=3fc970e0 size=00fd0h (  4048) load[0m
[0;32mI (141) esp_image: segment 4: paddr=0004c238 vaddr=40374000 size=10a4ch ( 68172) load[0m
[0;32mI (158) esp_image: segment 5: paddr=0005cc8c vaddr=600fe100 size=0001ch (    28) load[0m
[0;32mI (165) boot: Loaded app from partition at offset 0x10000[0m
[0;32mI (165) boot: Disabling RNG early entropy source...[0m
[0;32mI (176) cpu_start: Multicore app[0m
[0;32mI (185) cpu_start: Pro cpu start user code[0m
[0;32mI (185) cpu_start: cpu freq: 160000000 Hz[0m
[0;32mI (185) app_init: Application information:[0m
[0;32mI (185) app_init: Project name:     mi_proyecto[0m
[0;32mI (189) app_init: App version:      1[0m
[0;32mI (193) app_init: Compile time:     Mar 13 2025 00:16:04[0m
[0;32mI (198) app_init: ELF file SHA256:  5161b82d9...[0m
[0;32mI (202) app_init: ESP-IDF:          v5.4-dirty[0m
[0;32mI (206) efuse_init: Min chip rev:     v0.0[0m
[0;32mI (210) efuse_init: Max chip rev:     v0.99 [0m
[0;32mI (214) efuse_init: Chip rev:         v0.2[0m
[0;32mI (218) heap_init: Initializing. RAM available for dynamic allocation:[0m
[0;32mI (224) heap_init: At 3FC9A898 len 0004EE78 (315 KiB): RAM[0m
[0;32mI (229) heap_init: At 3FCE9710 len 00005724 (21 KiB): RAM[0m
[0;32mI (235) heap_init: At 3FCF0000 len 00008000 (32 KiB): DRAM[0m
[0;32mI (240) heap_init: At 600FE11C len 00001ECC (7 KiB): RTCRAM[0m
[0;32mI (246) spi_flash: detected chip: generic[0m
[0;32mI (249) spi_flash: flash io: dio[0m
[0;33mW (252) spi_flash: Detected size(16384k) larger than the size in the binary image header(2048k). Using the size in the binary image header.[0m
[0;32mI (264) sleep_gpio: Configure to isolate all GPIO pins in sleep state[0m
[0;32mI (271) sleep_gpio: Enable automatic switching of GPIO sleep configuration[0m
[0;32mI (277) main_task: Started on CPU0[0m
[0;32mI (297) main_task: Calling app_main()[0m
[1;31mE (297) spi: spicommon_bus_initialize_io(571): mosi not valid[0m
ESP_ERROR_CHECK failed: esp_err_t 0x102 (ESP_ERR_INVALID_ARG) at 0x42009b18
file: "./main/main.c" line 41
func: spi_init
expression: spi_bus_initialize(SPI_HOST, &buscfg, SPI_DMA_CH_AUTO)

abort() was called at PC 0x4037ae2f on core 0


Backtrace: 0x40375b6d:0x3fc9e210 0x4037ae39:0x3fc9e230 0x40382249:0x3fc9e250 0x4037ae2f:0x3fc9e2c0 0x42009b18:0x3fc9e2f0 0x42009c21:0x3fc9e380 0x4202a697:0x3fc9e3a0 0x4037b7ed:0x3fc9e3d0




ELF file SHA256: 5161b82d9

Rebooting...
ESP-ROM:esp32s3-20210327
Build:Mar 27 2021
rst:0xc (RTC_SW_CPU_RST),boot:0x8 (SPI_FAST_FLASH_BOOT)
Saved PC:0x40375aac
SPIWP:0xee
mode:DIO, clock div:1
load:0x3fce2810,len:0x15a0
load:0x403c8700,len:0x4
load:0x403c8704,len:0xd20
load:0x403cb700,len:0x2ee4
entry 0x403c8928
[0;32mI (31) boot: ESP-IDF v5.4-dirty 2nd stage bootloader[0m
[0;32mI (31) boot: compile time Mar 12 2025 20:36:23[0m
[0;32mI (31) boot: Multicore bootloader[0m
[0;32mI (32) boot: chip revision: v0.2[0m
[0;32mI (35) boot: efuse block revision: v1.3[0m
[0;32mI (38) boot.esp32s3: Boot SPI Speed : 80MHz[0m
[0;32mI (42) boot.esp32s3: SPI Mode       : DIO[0m
[0;32mI (46) boot.esp32s3: SPI Flash Size : 2MB[0m
[0;32mI (50) boot: Enabling RNG early entropy source...[0m
[0;32mI (54) boot: Partition Table:[0m
[0;32mI (57) boot: ## Label            Usage          Type ST Offset   Length[0m
[0;32mI (63) boot:  0 nvs              WiFi data        01 02 00009000 00006000[0m
[0;32mI (69) boot:  1 phy_init         RF data          01 01 0000f000 00001000[0m
[0;32mI (76) boot:  2 factory          factory app      00 00 00010000 00100000[0m
[0;32mI (83) boot: End of partition table[0m
[0;32mI (86) esp_image: segment 0: paddr=00010020 vaddr=3c030020 size=0da10h ( 55824) map[0m
[0;32mI (103) esp_image: segment 1: paddr=0001da38 vaddr=3fc94b00 size=025e0h (  9696) load[0m
[0;32mI (105) esp_image: segment 2: paddr=00020020 vaddr=42000020 size=2b238h (176696) map[0m
[0;32mI (139) esp_image: segment 3: paddr=0004b260 vaddr=3fc970e0 size=00fd0h (  4048) load[0m
[0;32mI (141) esp_image: segment 4: paddr=0004c238 vaddr=40374000 size=10a4ch ( 68172) load[0m
[0;32mI (158) esp_image: segment 5: paddr=0005cc8c vaddr=600fe100 size=0001ch (    28) load[0m
[0;32mI (165) boot: Loaded app from partition at offset 0x10000[0m
[0;32mI (165) boot: Disabling RNG early entropy source...[0m
[0;32mI (176) cpu_start: Multicore app[0m
[0;32mI (185) cpu_start: Pro cpu start user code[0m
[0;32mI (185) cpu_start: cpu freq: 160000000 Hz[0m
[0;32mI (185) app_init: Application information:[0m
[0;32mI (185) app_init: Project name:     mi_proyecto[0m
[0;32mI (189) app_init: App version:      1[0m
[0;32mI (193) app_init: Compile time:     Mar 13 2025 00:16:04[0m
[0;32mI (198) app_init: ELF file SHA256:  5161b82d9...[0m
[0;32mI (202) app_init: ESP-IDF:          v5.4-dirty[0m
[0;32mI (206) efuse_init: Min chip rev:     v0.0[0m
[0;32mI (210) efuse_init: Max chip rev:     v0.99 [0m
[0;32mI (214) efuse_init: Chip rev:         v0.2[0m
[0;32mI (218) heap_init: Initializing. RAM available for dynamic allocation:[0m
[0;32mI (224) heap_init: At 3FC9A898 len 0004EE78 (315 KiB): RAM[0m
[0;32mI (229) heap_init: At 3FCE9710 len 00005724 (21 KiB): RAM[0m
[0;32mI (235) heap_init: At 3FCF0000 len 00008000 (32 KiB): DRAM[0m
[0;32mI (240) heap_init: At 600FE11C len 00001ECC (7 KiB): RTCRAM[0m
[0;32mI (246) spi_flash: detected chip: generic[0m
[0;32mI (249) spi_flash: flash io: dio[0m
[0;33mW (252) spi_flash: Detected size(16384k) larger than the size in the binary image header(2048k). Using the size in the binary image header.[0m
[0;32mI (264) sleep_gpio: Configure to isolate all GPIO pins in sleep state[0m
[0;32mI (270) sleep_gpio: Enable automatic switching of GPIO sleep configuration[0m
[0;32mI (277) main_task: Started on CPU0[0m
[0;32mI (297) main_task: Calling app_main()[0m
[1;31mE (297) spi: spicommon_bus_initialize_io(571): mosi not valid[0m
ESP_ERROR_CHECK failed: esp_err_t 0x102 (ESP_ERR_INVALID_ARG) at 0x42009b18
file: "./main/main.c" line 41
func: spi_init
expression: spi_bus_initialize(SPI_HOST, &buscfg, SPI_DMA_CH_AUTO)

abort() was called at PC 0x4037ae2f on core 0


Backtrace: 0x40375b6d:0x3fc9e210 0x4037ae39:0x3fc9e230 0x40382249:0x3fc9e250 0x4037ae2f:0x3fc9e2c0 0x42009b18:0x3fc9e2f0 0x42009c21:0x3fc9e380 0x4202a697:0x3fc9e3a0 0x4037b7ed:0x3fc9e3d0




ELF file SHA256: 5161b82d9

Rebooting...
ESP-ROM:esp32s3-20210327
Build:Mar 27 2021
rst:0xc (RTC_SW_CPU_RST),boot:0x8 (SPI_FAST_FLASH_BOOT)
Saved PC:0x40375aac
SPIWP:0xee
mode:DIO, clock div:1
load:0x3fce2810,len:0x15a0
load:0x403c8700,len:0x4
load:0x403c8704,len:0xd20
load:0x403cb700,len:0x2ee4
entry 0x403c8928
[0;32mI (31) boot: ESP-IDF v5.4-dirty 2nd stage bootloader[0m
[0;32mI (31) boot: compile time Mar 12 2025 20:36:23[0m
[0;32mI (31) boot: Multicore bootloader[0m
[0;32mI (32) boot: chip revision: v0.2[0m
[0;32mI (35) boot: efuse block revision: v1.3[0m
[0;32mI (38) boot.esp32s3: Boot SPI Speed : 80MHz[0m
[0;32mI (42) boot.esp32s3: SPI Mode       : DIO[0m
[0;32mI (46) boot.esp32s3: SPI Flash Size : 2MB[0m
[0;32mI (50) boot: Enabling RNG early entropy source...[0m
[0;32mI (54) boot: Partition Table:[0m
[0;32mI (57) boot: ## Label            Usage          Type ST Offset   Length[0m
[0;32mI (63) boot:  0 nvs              WiFi data        01 02 00009000 00006000[0m
[0;32mI (69) boot:  1 phy_init         RF data          01 01 0000f000 00001000[0m
[0;32mI (76) boot:  2 factory          factory app      00 00 00010000 00100000[0m
[0;32mI (83) boot: End of partition table[0m
[0;32mI (86) esp_image: segment 0: paddr=00010020 vaddr=3c030020 size=0da10h ( 55824) map[0m
[0;32mI (103) esp_image: segment 1: paddr=0001da38 vaddr=3fc94b00 size=025e0h (  9696) load[0m
[0;32mI (105) esp_image: segment 2: paddr=00020020 vaddr=42000020 size=2b238h (176696) map[0m
[0;32mI (139) esp_image: segment 3: paddr=0004b260 vaddr=3fc970e0 size=00fd0h (  4048) load[0m
[0;32mI (141) esp_image: segment 4: paddr=0004c238 vaddr=40374000 size=10a4ch ( 68172) load[0m
[0;32mI (158) esp_image: segment 5: paddr=0005cc8c vaddr=600fe100 size=0001ch (    28) load[0m
[0;32mI (165) boot: Loaded app from partition at offset 0x10000[0m
[0;32mI (165) boot: Disabling RNG early entropy source...[0m
[0;32mI (176) cpu_start: Multicore app[0m
[0;32mI (185) cpu_start: Pro cpu start user code[0m
[0;32mI (185) cpu_start: cpu freq: 160000000 Hz[0m
[0;32mI (185) app_init: Application information:[0m
[0;32mI (185) app_init: Project name:     mi_proyecto[0m
[0;32mI (189) app_init: App version:      1[0m
[0;32mI (193) app_init: Compile time:     Mar 13 2025 00:16:04[0m
[0;32mI (198) app_init: ELF file SHA256:  5161b82d9...[0m
[0;32mI (202) app_init: ESP-IDF:          v5.4-dirty[0m
[0;32mI (206) efuse_init: Min chip rev:     v0.0[0m
[0;32mI (210) efuse_init: Max chip rev:     v0.99 [0m
[0;32mI (214) efuse_init: Chip rev:         v0.2[0m
[0;32mI (218) heap_init: Initializing. RAM available for dynamic allocation:[0m
[0;32mI (224) heap_init: At 3FC9A898 len 0004EE78 (315 KiB): RAM[0m
[0;32mI (229) heap_init: At 3FCE9710 len 00005724 (21 KiB): RAM[0m
[0;32mI (235) heap_init: At 3FCF0000 len 00008000 (32 KiB): DRAM[0m
[0;32mI (240) heap_init: At 600FE11C len 00001ECC (7 KiB): RTCRAM[0m
[0;32mI (246) spi_flash: detected chip: generic[0m
[0;32mI (249) spi_flash: flash io: dio[0m
[0;33mW (252) spi_flash: Detected size(16384k) larger than the size in the binary image header(2048k). Using the size in the binary image header.[0m
[0;32mI (264) sleep_gpio: Configure to isolate all GPIO pins in sleep state[0m
[0;32mI (270) sleep_gpio: Enable automatic switching of GPIO sleep configuration[0m
[0;32mI (277) main_task: Started on CPU0[0m
[0;32mI (297) main_task: Calling app_main()[0m
[1;31mE (297) spi: spicommon_bus_initialize_io(571): mosi not valid[0m
ESP_ERROR_CHECK failed: esp_err_t 0x102 (ESP_ERR_INVALID_ARG) at 0x42009b18
file: "./main/main.c" line 41
func: spi_init
expression: spi_bus_initialize(SPI_HOST, &buscfg, SPI_DMA_CH_AUTO)

abort() was called at PC 0x4037ae2f on core 0


Backtrace: 0x40375b6d:0x3fc9e210 0x4037ae39:0x3fc9e230 0x40382249:0x3fc9e250 0x4037ae2f:0x3fc9e2c0 0x42009b18:0x3fc9e2f0 0x42009c21:0x3fc9e380 0x4202a697:0x3fc9e3a0 0x4037b7ed:0x3fc9e3d0




ELF file SHA256: 5161b82d9

Rebooting...
ESP-ROM:esp32s3-20210327
Build:Mar 27 2021
rst:0xc (RTC_SW_CPU_RST),boot:0x8 (SPI_FAST_FLASH_BOOT)
Saved PC:0x40375aac
SPIWP:0xee
mode:DIO, clock div:1
load:0x3fce2810,len:0x15a0
load:0x403c8700,len:0x4
load:0x403c8704,len:0xd20
load:0x403cb700,len:0x2ee4
entry 0x403c8928
[0;32mI (31) boot: ESP-IDF v5.4-dirty 2nd stage bootloader[0m
[0;32mI (31) boot: compile time Mar 12 2025 20:36:23[0m
[0;32mI (31) boot: Multicore bootloader[0m
[0;32mI (32) boot: chip revision: v0.2[0m
[0;32mI (35) boot: efuse block revision: v1.3[0m
[0;32mI (38) boot.esp32s3: Boot SPI Speed : 80MHz[0m
[0;32mI (42) boot.esp32s3: SPI Mode       : DIO[0m
[0;32mI (46) boot.esp32s3: SPI Flash Size : 2MB[0m
[0;32mI (50) boot: Enabling RNG early entropy source...[0m
[0;32mI (54) boot: Partition Table:[0m
[0;32mI (57) boot: ## Label            Usage          Type ST Offset   Length[0m
[0;32mI (63) boot:  0 nvs              WiFi data        01 02 00009000 00006000[0m
[0;32mI (69) boot:  1 phy_init         RF data          01 01 0000f000 00001000[0m
[0;32mI (76) boot:  2 factory          factory app      00 00 00010000 00100000[0m
[0;32mI (83) boot: End of partition table[0m
[0;32mI (86) esp_image: segment 0: paddr=00010020 vaddr=3c030020 size=0da10h ( 55824) map[0m
[0;32mI (103) esp_image: segment 1: paddr=0001da38 vaddr=3fc94b00 size=025e0h (  9696) load[0m
[0;32mI (105) esp_image: segment 2: paddr=00020020 vaddr=42000020 size=2b238h (176696) map[0m
[0;32mI (139) esp_image: segment 3: paddr=0004b260 vaddr=3fc970e0 size=00fd0h (  4048) load[0m
[0;32mI (141) esp_image: segment 4: paddr=0004c238 vaddr=40374000 size=10a4ch ( 68172) load[0m
[0;32mI (158) esp_image: segment 5: paddr=0005cc8c vaddr=600fe100 size=0001ch (    28) load[0m
[0;32mI (165) boot: Loaded app from partition at offset 0x10000[0m
[0;32mI (165) boot: Disabling RNG early entropy source...[0m
[0;32mI (176) cpu_start: Multicore app[0m
[0;32mI (185) cpu_start: Pro cpu start user code[0m
[0;32mI (185) cpu_start: cpu freq: 160000000 Hz[0m
[0;32mI (185) app_init: Application information:[0m
[0;32mI (185) app_init: Project name:     mi_proyecto[0m
[0;32mI (189) app_init: App version:      1[0m
[0;32mI (193) app_init: Compile time:     Mar 13 2025 00:16:04[0m
[0;32mI (198) app_init: ELF file SHA256:  5161b82d9...[0m
[0;32mI (202) app_init: ESP-IDF:          v5.4-dirty[0m
[0;32mI (206) efuse_init: Min chip rev:     v0.0[0m
[0;32mI (210) efuse_init: Max chip rev:     v0.99 [0m
[0;32mI (214) efuse_init: Chip rev:         v0.2[0m
[0;32mI (218) heap_init: Initializing. RAM available for dynamic allocation:[0m
[0;32mI (224) heap_init: At 3FC9A898 len 0004EE78 (315 KiB): RAM[0m
[0;32mI (229) heap_init: At 3FCE9710 len 00005724 (21 KiB): RAM[0m
[0;32mI (235) heap_init: At 3FCF0000 len 00008000 (32 KiB): DRAM[0m
[0;32mI (240) heap_init: At 600FE11C len 00001ECC (7 KiB): RTCRAM[0m
[0;32mI (246) spi_flash: detected chip: generic[0m
[0;32mI (249) spi_flash: flash io: dio[0m
[0;33mW (252) spi_flash: Detected size(16384k) larger than the size in the binary image header(2048k). Using the size in the binary image header.[0m
[0;32mI (264) sleep_gpio: Configure to isolate all GPIO pins in sleep state[0m
[0;32mI (271) sleep_gpio: Enable automatic switching of GPIO sleep configuration[0m
[0;32mI (277) main_task: Started on CPU0[0m
[0;32mI (297) main_task: Calling app_main()[0m
[1;31mE (297) spi: spicommon_bus_initialize_io(571): mosi not valid[0m
ESP_ERROR_CHECK failed: esp_err_t 0x102 (ESP_ERR_INVALID_ARG) at 0x42009b18
file: "./main/main.c" line 41
func: spi_init
expression: spi_bus_initialize(SPI_HOST, &buscfg, SPI_DMA_CH_AUTO)

abort() was called at PC 0x4037ae2f on core 0


Backtrace: 0x40375b6d:0x3fc9e210 0x4037ae39:0x3fc9e230 0x40382249:0x3fc9e250 0x4037ae2f:0x3fc9e2c0 0x42009b18:0x3fc9e2f0 0x42009c21:0x3fc9e380 0x4202a697:0x3fc9e3a0 0x4037b7ed:0x3fc9e3d0




ELF file SHA256: 5161b82d9

Rebooting...
ESP-ROM:esp32s3-20210327
Build:Mar 27 2021
rst:0xc (RTC_SW_CPU_RST),boot:0x8 (SPI_FAST_FLASH_BOOT)
Saved PC:0x40375aac
SPIWP:0xee
mode:DIO, clock div:1
load:0x3fce2810,len:0x15a0
load:0x403c8700,len:0x4
load:0x403c8704,len:0xd20
load:0x403cb700,len:0x2ee4
entry 0x403c8928
[0;32mI (31) boot: ESP-IDF v5.4-dirty 2nd stage bootloader[0m
[0;32mI (31) boot: compile time Mar 12 2025 20:36:23[0m
[0;32mI (31) boot: Multicore bootloader[0m
[0;32mI (32) boot: chip revision: v0.2[0m
[0;32mI (35) boot: efuse block revision: v1.3[0m
[0;32mI (38) boot.esp32s3: Boot SPI Speed : 80MHz[0m
[0;32mI (42) boot.esp32s3: SPI Mode       : DIO[0m
[0;32mI (46) boot.esp32s3: SPI Flash Size : 2MB[0m
[0;32mI (50) boot: Enabling RNG early entropy source...[0m
[0;32mI (54) boot: Partition Table:[0m
[0;32mI (57) boot: ## Label            Usage          Type ST Offset   Length[0m
[0;32mI (63) boot:  0 nvs              WiFi data        01 02 00009000 00006000[0m
[0;32mI (69) boot:  1 phy_init         RF data          01 01 0000f000 00001000[0m
[0;32mI (76) boot:  2 factory          factory app      00 00 00010000 00100000[0m
[0;32mI (83) boot: End of partition table[0m
[0;32mI (86) esp_image: segment 0: paddr=00010020 vaddr=3c030020 size=0da10h ( 55824) map[0m
[0;32mI (103) esp_image: segment 1: paddr=0001da38 vaddr=3fc94b00 size=025e0h (  9696) load[0m
[0;32mI (105) esp_image: segment 2: paddr=00020020 vaddr=42000020 size=2b238h (176696) map[0m
[0;32mI (139) esp_image: segment 3: paddr=0004b260 vaddr=3fc970e0 size=00fd0h (  4048) load[0m
[0;32mI (141) esp_image: segment 4: paddr=0004c238 vaddr=40374000 size=10a4ch ( 68172) load[0m
[0;32mI (158) esp_image: segment 5: paddr=0005cc8c vaddr=600fe100 size=0001ch (    28) load[0m
[0;32mI (165) boot: Loaded app from partition at offset 0x10000[0m
[0;32mI (165) boot: Disabling RNG early entropy source...[0m
[0;32mI (176) cpu_start: Multicore app[0m
[0;32mI (185) cpu_start: Pro cpu start user code[0m
[0;32mI (185) cpu_start: cpu freq: 160000000 Hz[0m
[0;32mI (185) app_init: Application information:[0m
[0;32mI (185) app_init: Project name:     mi_proyecto[0m
[0;32mI (189) app_init: App version:      1[0m
[0;32mI (193) app_init: Compile time:     Mar 13 2025 00:16:04[0m
[0;32mI (198) app_init: ELF file SHA256:  5161b82d9...[0m
[0;32mI (202) app_init: ESP-IDF:          v5.4-dirty[0m
[0;32mI (206) efuse_init: Min chip rev:     v0.0[0m
[0;32mI (210) efuse_init: Max chip rev:     v0.99 [0m
[0;32mI (214) efuse_init: Chip rev:         v0.2[0m
[0;32mI (218) heap_init: Initializing. RAM available for dynamic allocation:[0m
[0;32mI (224) heap_init: At 3FC9A898 len 0004EE78 (315 KiB): RAM[0m
[0;32mI (229) heap_init: At 3FCE9710 len 00005724 (21 KiB): RAM[0m
[0;32mI (235) heap_init: At 3FCF0000 len 00008000 (32 KiB): DRAM[0m
[0;32mI (240) heap_init: At 600FE11C len 00001ECC (7 KiB): RTCRAM[0m
[0;32mI (246) spi_flash: detected chip: generic[0m
[0;32mI (249) spi_flash: flash io: dio[0m
[0;33mW (252) spi_flash: Detected size(16384k) larger than the size in the binary image header(2048k). Using the size in the binary image header.[0m
[0;32mI (264) sleep_gpio: Configure to isolate all GPIO pins in sleep state[0m
[0;32mI (271) sleep_gpio: Enable automatic switching of GPIO sleep configuration[0m
[0;32mI (277) main_task: Started on CPU0[0m
[0;32mI (297) main_task: Calling app_main()[0m
[1;31mE (297) spi: spicommon_bus_initialize_io(571): mosi not valid[0m
ESP_ERROR_CHECK failed: esp_err_t 0x102 (ESP_ERR_INVALID_ARG) at 0x42009b18
